Script started on Wed 09 Sep 2020 12:23:24 AM CDT
[?1034hbash-4.2$ cd root
bash-4.2$ cs161-gdb kernel
bash: cs161-gdb: command not found
bash-4.2$ cs161-gdb kernel[C[C[C[C[C[C[C[C[C[C[C[9Pd root[4Pgdb[1Plsgdbcd roots161-gdb kernel[C[C[C[C[C[C[C[C[C[C[Kexport PATH=~/cs15[K5[K61/bin:$PATH
bash-4.2$ export PATH=~/cs161/bin:$PATH[C[C[C[C[C[C[C[C[C[C[13Pcs161-gdb kernel
[?1034hGNU gdb 6.6
Copyright (C) 2006 Free Software Foundation, Inc.
GDB is free software, covered by the GNU General Public License, and you are
welcome to change it and/or distribute copies of it under certain conditions.
Type "show copying" to see the conditions.
There is absolutely no warranty for GDB.  Type "show warranty" for details.
This GDB was configured as "--host=x86_64-unknown-linux-gnu --target=mips-elf"...
(gdb) target remote unix:.sockets/gdb
unix:.sockets/gdb: Connection refused.
(gdb) break menu
Breakpoint 1 at 0x8001ba6c
(gdb) c
The program is not being run.
(gdb) cbreak menu(gdb) target remote unix:.sockets/gdb
unix:.sockets/gdb: Connection refused.
(gdb) [K(gdb) [K(gdb) target remote unix:.sockets/gdb
unix:.sockets/gdb: Stale file handle.
(gdb) break meu[Knu
Note: breakpoint 1 also set at pc 0x8001ba6c.
Breakpoint 2 at 0x8001ba6c
(gdb) c
The program is not being run.
(gdb) detach
(gdb) quit
bash-4.2$ cs161-gdb kernel[C[C[C[C[C[C[C[C[C[Cexport PATH=~/cs161/bin:$PATH[C[C[C[C[C[C[C[C[C[C[13Pcs161-gdb kernel[C[C[C[C[C[C[C[C[C[Cexport PATH=~/cs161/bin:$PATH[C[C[C[C[C[C[C[C[C[C[13Pcs161-gdb kernel
[?1034hGNU gdb 6.6
Copyright (C) 2006 Free Software Foundation, Inc.
GDB is free software, covered by the GNU General Public License, and you are
welcome to change it and/or distribute copies of it under certain conditions.
Type "show copying" to see the conditions.
There is absolutely no warranty for GDB.  Type "show warranty" for details.
This GDB was configured as "--host=x86_64-unknown-linux-gnu --target=mips-elf"...
(gdb) target remote unix:.sockets/gdb
unix:.sockets/gdb: Connection refused.
(gdb) rb[K[Kbreak menu
Breakpoint 1 at 0x8001ba6c
(gdb) c
The program is not being run.
(gdb) detach qui[K[K[K[K
(gdb) quit
bash-4.2$ exit
exit

Script done on Wed 09 Sep 2020 12:28:48 AM CDT
