Script started on Wed 09 Sep 2020 12:33:38 AM CDT
[?1034hbash-4.2$ cd src
bash-4.2$ git if[K[Kdiff
[?1h=diff --git a/bin/cat/depend.mk b/bin/cat/depend.mk[m
index 94637dd..6f88e64 100644[m
--- a/bin/cat/depend.mk[m
+++ b/bin/cat/depend.mk[m
@@ -10,3 +10,4 @@ cat.o: \[m
  $(OSTREE)/include/string.h \[m
  $(OSTREE)/include/err.h \[m
  $(OSTREE)/include/stdarg.h[m
+[m
diff --git a/bin/cp/depend.mk b/bin/cp/depend.mk[m
index 10e8c59..de47503 100644[m
--- a/bin/cp/depend.mk[m
+++ b/bin/cp/depend.mk[m
@@ -9,3 +9,4 @@ cp.o: \[m
  $(OSTREE)/include/kern/ioctl.h \[m
  $(OSTREE)/include/err.h \[m
  $(OSTREE)/include/stdarg.h[m
+[m
diff --git a/bin/false/depend.mk b/bin/false/depend.mk[m
index f0fbc95..fb0be2d 100644[m
--- a/bin/false/depend.mk[m
+++ b/bin/false/depend.mk[m
@@ -8,3 +8,4 @@ false.o: \[m
  $(OSTREE)/include/kern/unistd.h \[m
  $(OSTREE)/include/kern/ioctl.h \[m
  $(OSTREE)/include/stdlib.h[m
+[m
diff --git a/bin/ln/depend.mk b/bin/ln/depend.mk[m
index ac1d5eb..490b5b1 100644[m
--- a/bin/ln/depend.mk[m
+++ b/bin/ln/depend.mk[m
@@ -11,3 +11,4 @@ ln.o: \[m
  $(OSTREE)/include/string.h \[m
  $(OSTREE)/include/err.h \[m
  $(OSTREE)/include/stdarg.h[m
+[m
diff --git a/bin/ls/depend.mk b/bin/ls/depend.mk[m
index f92b234..1d5e8a4 100644[m
--- a/bin/ls/depend.mk[m
+++ b/bin/ls/depend.mk[m
@@ -15,3 +15,4 @@ ls.o: \[m
  $(OSTREE)/include/errno.h \[m
  $(OSTREE)/include/kern/errno.h \[m
  $(OSTREE)/include/err.h[m
+[m
diff --git a/bin/mkdir/depend.mk b/bin/mkdir/depend.mk[m
index 42144ef..597b0a3 100644[m
--- a/bin/mkdir/depend.mk[m
+++ b/bin/mkdir/depend.mk[m
@@ -11,3 +11,4 @@ mkdir.o: \[m
  $(OSTREE)/include/kern/ioctl.h \[m
  $(OSTREE)/include/err.h \[m
  $(OSTREE)/include/stdarg.h[m
+[m
diff --git a/bin/mv/depend.mk b/bin/mv/depend.mk[m
index c4d1bc8..54d486a 100644[m
--- a/bin/mv/depend.mk[m
+++ b/bin/mv/depend.mk[m
@@ -9,3 +9,4 @@ mv.o: \[m
  $(OSTREE)/include/kern/ioctl.h \[m
:[K[K[K:[K[K:[K[K[7mNo next tag  (press RETURN)[27m[61;1H[K[K:[K[K  $(OSTREE)/include/err.h \[m
:[K[K  $(OSTREE)/include/stdarg.h[m
:[K[K+[m
:[K[Kdiff --git a/bin/pwd/depend.mk b/bin/pwd/depend.mk[m
:[K[Kindex 41dba83..50cae5f 100644[m
:[K[K--- a/bin/pwd/depend.mk[m
:[K[K+++ b/bin/pwd/depend.mk[m
:[K[K@@ -13,3 +13,4 @@ pwd.o: \[m
:[K[K  $(OSTREE)/include/err.h \[m
:[K[K  $(OSTREE)/include/limits.h \[m
:[K[K  $(OSTREE)/include/kern/limits.h[m
:[K[K+[m
:[K[Kdiff --git a/bin/rm/depend.mk b/bin/rm/depend.mk[m
:[K[Kindex 62d6177..5dde52e 100644[m
:[K[K--- a/bin/rm/depend.mk[m
:[K[K+++ b/bin/rm/depend.mk[m
:[K[K@@ -9,3 +9,4 @@ rm.o: \[m
:[K[K  $(OSTREE)/include/kern/ioctl.h \[m
:[K[K  $(OSTREE)/include/err.h \[m
:[K[K  $(OSTREE)/include/stdarg.h[m
:[K[K+[m
:[K[Kdiff --git a/bin/rmdir/depend.mk b/bin/rmdir/depend.mk[m
:[K[Kindex f361720..d752ff4 100644[m
:[K[K--- a/bin/rmdir/depend.mk[m
:[K[K+++ b/bin/rmdir/depend.mk[m
:[K[K@@ -9,3 +9,4 @@ rmdir.o: \[m
:[K[K  $(OSTREE)/include/kern/ioctl.h \[m
:[K[K  $(OSTREE)/include/err.h \[m
:[K[K  $(OSTREE)/include/stdarg.h[m
:[K[K+[m
:[K[Kdiff --git a/bin/sh/depend.mk b/bin/sh/depend.mk[m
:[K[Kindex db813ac..58deaf8 100644[m
:[K[K--- a/bin/sh/depend.mk[m
:[K[K+++ b/bin/sh/depend.mk[m
:[K[K@@ -1,3 +1,4 @@[m
:[K[K [m
:[K[K sh.o: \[m
:[K[K  sh.c[m
:[K[K+[m
:[K[Kdiff --git a/bin/sh/dependh.mk b/bin/sh/dependh.mk[m
:[K[Kindex 325543a..53c8282 100644[m
:[K[K--- a/bin/sh/dependh.mk[m
:[K[K+++ b/bin/sh/dependh.mk[m
:[K[K@@ -2,3 +2,4 @@[m
:[K[K sh.ho: \[m
:[K[K  sh.c \[m
:[K[K  $(OSTREE)/hostinclude/hostcompat.h[m
:[K[K+[m
:[K[Kdiff --git a/bin/sync/depend.mk b/bin/sync/depend.mk[m
:[K[Kindex 4f79baa..1db5338 100644[m
:[K[K--- a/bin/sync/depend.mk[m
:[K[K+++ b/bin/sync/depend.mk[m
:[K[K@@ -7,3 +7,4 @@ sync.o: \[m
:[K[K  $(OSTREE)/include/kern/types.h \[m
:[K[K  $(OSTREE)/include/kern/unistd.h \[m
:[K[K  $(OSTREE)/include/kern/ioctl.h[m
:[K[K+[m
:[K[K:[K[K:[K[Kdiff --git a/bin/true/depend.mk b/bin/true/depend.mk[m
:[K[K:[K[K...skipping...
@@ -9,3 +9,4 @@ mv.o: \[m
  $(OSTREE)/include/kern/ioctl.h \[m
  $(OSTREE)/include/err.h \[m
  $(OSTREE)/include/stdarg.h[m
+[m
diff --git a/bin/pwd/depend.mk b/bin/pwd/depend.mk[m
index 41dba83..50cae5f 100644[m
--- a/bin/pwd/depend.mk[m
+++ b/bin/pwd/depend.mk[m
@@ -13,3 +13,4 @@ pwd.o: \[m
  $(OSTREE)/include/err.h \[m
  $(OSTREE)/include/limits.h \[m
  $(OSTREE)/include/kern/limits.h[m
+[m
diff --git a/bin/rm/depend.mk b/bin/rm/depend.mk[m
index 62d6177..5dde52e 100644[m
--- a/bin/rm/depend.mk[m
+++ b/bin/rm/depend.mk[m
@@ -9,3 +9,4 @@ rm.o: \[m
  $(OSTREE)/include/kern/ioctl.h \[m
  $(OSTREE)/include/err.h \[m
  $(OSTREE)/include/stdarg.h[m
+[m
diff --git a/bin/rmdir/depend.mk b/bin/rmdir/depend.mk[m
index f361720..d752ff4 100644[m
--- a/bin/rmdir/depend.mk[m
+++ b/bin/rmdir/depend.mk[m
@@ -9,3 +9,4 @@ rmdir.o: \[m
  $(OSTREE)/include/kern/ioctl.h \[m
  $(OSTREE)/include/err.h \[m
  $(OSTREE)/include/stdarg.h[m
+[m
diff --git a/bin/sh/depend.mk b/bin/sh/depend.mk[m
index db813ac..58deaf8 100644[m
--- a/bin/sh/depend.mk[m
+++ b/bin/sh/depend.mk[m
@@ -1,3 +1,4 @@[m
 [m
 sh.o: \[m
  sh.c[m
+[m
diff --git a/bin/sh/dependh.mk b/bin/sh/dependh.mk[m
index 325543a..53c8282 100644[m
--- a/bin/sh/dependh.mk[m
+++ b/bin/sh/dependh.mk[m
@@ -2,3 +2,4 @@[m
 sh.ho: \[m
  sh.c \[m
  $(OSTREE)/hostinclude/hostcompat.h[m
+[m
diff --git a/bin/sync/depend.mk b/bin/sync/depend.mk[m
index 4f79baa..1db5338 100644[m
--- a/bin/sync/depend.mk[m
+++ b/bin/sync/depend.mk[m
@@ -7,3 +7,4 @@ sync.o: \[m
  $(OSTREE)/include/kern/types.h \[m
  $(OSTREE)/include/kern/unistd.h \[m
  $(OSTREE)/include/kern/ioctl.h[m
+[m
diff --git a/bin/true/depend.mk b/bin/true/depend.mk[m
:[K[Kindex 1fd4de7..9ced686 100644[m
:[K[K--- a/bin/true/depend.mk[m
:[K[K+++ b/bin/true/depend.mk[m
:[K[K@@ -8,3 +8,4 @@ true.o: \[m
:[K[K  $(OSTREE)/include/kern/unistd.h \[m
:[K[K  $(OSTREE)/include/kern/ioctl.h \[m
:[K[K  $(OSTREE)/include/stdlib.h[m
:[K[K+[m
:[K[Kdiff --git a/kern/conf/conf.kern b/kern/conf/conf.kern[m
:[K[Kindex 7d7d9c9..99c5bfd 100644[m
:[K[K--- a/kern/conf/conf.kern[m
:[K[K+++ b/kern/conf/conf.kern[m
:[K[K@@ -372,6 +372,7 @@ file      thread/thread.c[m
:[K[K [m
:[K[K file      main/main.c[m
:[K[K file      main/menu.c[m
:[K[K+file     main/hello.c[m
:[K[K [m
:[K[K #[m
:[K[K # User-level programming/system call support[m
:[K[Kdiff --git a/kern/main/main.c b/kern/main/main.c[m
:[K[Kindex a19b0f2..6b9d963 100644[m
:[K[K--- a/kern/main/main.c[m
:[K[K+++ b/kern/main/main.c[m
:[K[K@@ -18,6 +18,10 @@[m
:[K[K #include <version.h>[m
:[K[K [m
:[K[K /*[m
:[K[K+ * Matthew Browning[m
:[K[K+ */[m
:[K[K+[m
:[K[K+/*[m
:[K[K  * These two pieces of data are maintained by the makefiles and build system.[m
:[K[K  * buildconfig is the name of the config file the kernel was configured with.[m
:[K[K  * buildversion starts at 1 and is incremented every time you link a kernel. [m
:[K[K@@ -70,6 +74,8 @@ boot(void)[m
:[K[K                GROUP_VERSION, buildconfig, buildversion);[m
:[K[K        kprintf("\n");[m
:[K[K [m
:[K[K+       hello();[m
:[K[K+[m
:[K[K        ram_bootstrap();[m
:[K[K        scheduler_bootstrap();[m
:[K[K        thread_bootstrap();[m
:[K[Kdiff --git a/lib/hostcompat/dependh.mk b/lib/hostcompat/dependh.mk[m
:[K[Kindex 58d01a5..cc3b67e 100644[m
:[K[K--- a/lib/hostcompat/dependh.mk[m
:[K[K+++ b/lib/hostcompat/dependh.mk[m
:[K[K@@ -8,3 +8,4 @@ time.ho: \[m
:[K[K hostcompat.ho: \[m
:[K[K  hostcompat.c \[m
:[K[K  hostcompat.h[m
:[K[K+[m
:[K[Kdiff --git a/lib/libc/depend.mk b/lib/libc/depend.mk[m
:[K[Kindex e8aad83..c073747 100644[m
:[K[K--- a/lib/libc/depend.mk[m
:[K[K+++ b/lib/libc/depend.mk[m
:[K[K@@ -244,3 +244,4 @@ syscalls.o: \[m
:[K[K  syscalls.S \[m
:[K[K  $(OSTREE)/include/kern/callno.h \[m
:[K[K  $(OSTREE)/include/machine/asmdefs.h[m
:[K[K+[m
:[K[Kdiff --git a/sbin/dumpsfs/depend.mk b/sbin/dumpsfs/depend.mk[m
:[K[Kindex 6f2f559..639ebd8 100644[m
:[K[K--- a/sbin/dumpsfs/depend.mk[m
:[K[K+++ b/sbin/dumpsfs/depend.mk[m
:[K[K@@ -35,3 +35,4 @@ disk.o: \[m
:[K[K  disk.h[m
:[K[K[HM+[m
[HM  $(OSTREE)/include/stdlib.h[m
[HM  $(OSTREE)/include/kern/ioctl.h \[m
[HM  $(OSTREE)/include/kern/unistd.h \[m
[HM@@ -8,3 +8,4 @@ true.o: \[m
[HM+++ b/bin/true/depend.mk[m
[HM--- a/bin/true/depend.mk[m
[HMindex 1fd4de7..9ced686 100644[m
[HMdiff --git a/bin/true/depend.mk b/bin/true/depend.mk[m
[HM+[m
[HM  $(OSTREE)/include/kern/ioctl.h[m
[HM  $(OSTREE)/include/kern/unistd.h \[m
[HM  $(OSTREE)/include/kern/types.h \[m
[HM@@ -7,3 +7,4 @@ sync.o: \[m
[HM+++ b/bin/sync/depend.mk[m
[HM--- a/bin/sync/depend.mk[m
[HMindex 4f79baa..1db5338 100644[m
[HMdiff --git a/bin/sync/depend.mk b/bin/sync/depend.mk[m
[HM+[m
[HM  $(OSTREE)/hostinclude/hostcompat.h[m
[HM  sh.c \[m
[HM sh.ho: \[m
[HM@@ -2,3 +2,4 @@[m
[HM+++ b/bin/sh/dependh.mk[m
[HM--- a/bin/sh/dependh.mk[m
[HMindex 325543a..53c8282 100644[m
[HMdiff --git a/bin/sh/dependh.mk b/bin/sh/dependh.mk[m
[HM+[m
[HM  sh.c[m
[HM sh.o: \[m
[HM [m
[HM@@ -1,3 +1,4 @@[m
[HM+++ b/bin/sh/depend.mk[m
[HM--- a/bin/sh/depend.mk[m
[HMindex db813ac..58deaf8 100644[m
[HMdiff --git a/bin/sh/depend.mk b/bin/sh/depend.mk[m
[HM+[m
[HM  $(OSTREE)/include/stdarg.h[m
[HM  $(OSTREE)/include/err.h \[m
[HM  $(OSTREE)/include/kern/ioctl.h \[m
[HM@@ -9,3 +9,4 @@ rmdir.o: \[m
[HM+++ b/bin/rmdir/depend.mk[m
[HM--- a/bin/rmdir/depend.mk[m
[HMindex f361720..d752ff4 100644[m
[HMdiff --git a/bin/rmdir/depend.mk b/bin/rmdir/depend.mk[m
[HM+[m
[HM  $(OSTREE)/include/stdarg.h[m
[HM  $(OSTREE)/include/err.h \[m
[HM  $(OSTREE)/include/kern/ioctl.h \[m
[HM@@ -9,3 +9,4 @@ rm.o: \[m
[HM+++ b/bin/rm/depend.mk[m
[HM--- a/bin/rm/depend.mk[m
[HMindex 62d6177..5dde52e 100644[m
[HMdiff --git a/bin/rm/depend.mk b/bin/rm/depend.mk[m
[HM+[m
[HM  $(OSTREE)/include/kern/limits.h[m
[HM  $(OSTREE)/include/limits.h \[m
[HM  $(OSTREE)/include/err.h \[m
[HM@@ -13,3 +13,4 @@ pwd.o: \[m
[HM+++ b/bin/pwd/depend.mk[m
[61;1H[K:[K[K[?1l>bash-4.2$ git commit
# On branch master
# Changes not staged for commit:
#   (use "git add <file>..." to update what will be committed)
#   (use "git checkout -- <file>..." to discard changes in working directory)
#
#	modified:   bin/cat/depend.mk
#	modified:   bin/cp/depend.mk
#	modified:   bin/false/depend.mk
#	modified:   bin/ln/depend.mk
#	modified:   bin/ls/depend.mk
#	modified:   bin/mkdir/depend.mk
#	modified:   bin/mv/depend.mk
#	modified:   bin/pwd/depend.mk
#	modified:   bin/rm/depend.mk
#	modified:   bin/rmdir/depend.mk
#	modified:   bin/sh/depend.mk
#	modified:   bin/sh/dependh.mk
#	modified:   bin/sync/depend.mk
#	modified:   bin/true/depend.mk
#	modified:   kern/conf/conf.kern
#	modified:   kern/main/main.c
#	modified:   lib/hostcompat/dependh.mk
#	modified:   lib/libc/depend.mk
#	modified:   sbin/dumpsfs/depend.mk
#	modified:   sbin/dumpsfs/dependh.mk
#	modified:   sbin/halt/depend.mk
#	modified:   sbin/mksfs/depend.mk
#	modified:   sbin/mksfs/dependh.mk
#	modified:   sbin/poweroff/depend.mk
#	modified:   sbin/reboot/depend.mk
#	modified:   testbin/add/depend.mk
#	modified:   testbin/argtest/depend.mk
#	modified:   testbin/badcall/depend.mk
#	modified:   testbin/bigfile/depend.mk
#	modified:   testbin/conman/depend.mk
#	modified:   testbin/crash/depend.mk
#	modified:   testbin/ctest/depend.mk
#	modified:   testbin/dirconc/depend.mk
#	modified:   testbin/dirseek/depend.mk
#	modified:   testbin/dirtest/depend.mk
#	modified:   testbin/f_test/depend.mk
#	modified:   testbin/farm/depend.mk
#	modified:   testbin/faulter/depend.mk
#	modified:   testbin/filetest/depend.mk
#	modified:   testbin/forkbomb/depend.mk
#	modified:   testbin/forktest/depend.mk
#	modified:   testbin/guzzle/depend.mk
#	modified:   testbin/hash/depend.mk
#	modified:   testbin/hash/dependh.mk
#	modified:   testbin/hog/depend.mk
#	modified:   testbin/huge/depend.mk
#	modified:   testbin/kitchen/depend.mk
#	modified:   testbin/matmult/depend.mk
#	modified:   testbin/palin/depend.mk
#	modified:   testbin/parallelvm/depend.mk
#	modified:   testbin/randcall/depend.mk
#	modified:   testbin/rmdirtest/depend.mk
#	modified:   testbin/rmtest/depend.mk
#	modified:   testbin/sink/depend.mk
#	modified:   testbin/sort/depend.mk
#	modified:   testbin/sty/depend.mk
#	modified:   testbin/tail/depend.mk
#	modified:   testbin/tictac/depend.mk
#	modified:   testbin/triplehuge/depend.mk
#	modified:   testbin/triplemat/depend.mk
#	modified:   testbin/triplesort/depend.mk
#
# Untracked files:
#   (use "git add <file>..." to include in what will be committed)
#
#	bin/cat/cat
#	bin/cat/cat.o
#	bin/cp/cp
#	bin/cp/cp.o
#	bin/false/false
#	bin/false/false.o
#	bin/ln/ln
#	bin/ln/ln.o
#	bin/ls/ls
#	bin/ls/ls.o
#	bin/mkdir/mkdir
#	bin/mkdir/mkdir.o
#	bin/mv/mv
#	bin/mv/mv.o
#	bin/pwd/pwd
#	bin/pwd/pwd.o
#	bin/rm/rm
#	bin/rm/rm.o
#	bin/rmdir/rmdir
#	bin/rmdir/rmdir.o
#	bin/sh/host-sh
#	bin/sh/sh
#	bin/sh/sh.ho
#	bin/sh/sh.o
#	bin/sync/sync
#	bin/sync/sync.o
#	bin/true/true
#	bin/true/true.o
#	defs.mk
#	kern/compile/ASST0/
#	kern/main/hello.c
#	lib/crt0/crt0.o
#	lib/hostcompat/err.ho
#	lib/hostcompat/hostcompat.ho
#	lib/hostcompat/libhostcompat.ha
#	lib/hostcompat/time.ho
#	lib/libc/__assert.o
#	lib/libc/__printf.o
#	lib/libc/__puts.o
#	lib/libc/abort.o
#	lib/libc/atoi.o
#	lib/libc/bzero.o
#	lib/libc/err.o
#	lib/libc/errno.o
#	lib/libc/exit.o
#	lib/libc/getchar.o
#	lib/libc/getcwd.o
#	lib/libc/libc.a
#	lib/libc/memcmp.o
#	lib/libc/memcpy.o
#	lib/libc/memmove.o
#	lib/libc/memset.o
#	lib/libc/mips-setjmp.o
#	lib/libc/printf.o
#	lib/libc/putchar.o
#	lib/libc/puts.o
#	lib/libc/random.o
#	lib/libc/snprintf.o
#	lib/libc/strcat.o
#	lib/libc/strchr.o
#	lib/libc/strcmp.o
#	lib/libc/strcpy.o
#	lib/libc/strerror.o
#	lib/libc/strlen.o
#	lib/libc/strrchr.o
#	lib/libc/strtok.o
#	lib/libc/strtok_r.o
#	lib/libc/syscalls.S
#	lib/libc/syscalls.o
#	lib/libc/system.o
#	lib/libc/time.o
#	sbin/dumpsfs/disk.c
#	sbin/dumpsfs/disk.h
#	sbin/dumpsfs/disk.ho
#	sbin/dumpsfs/disk.o
#	sbin/dumpsfs/dumpsfs
#	sbin/dumpsfs/dumpsfs.ho
#	sbin/dumpsfs/dumpsfs.o
#	sbin/dumpsfs/host-dumpsfs
#	sbin/dumpsfs/support.c
#	sbin/dumpsfs/support.h
#	sbin/dumpsfs/support.ho
#	sbin/dumpsfs/support.o
#	sbin/halt/halt
#	sbin/halt/halt.o
#	sbin/mksfs/disk.ho
#	sbin/mksfs/disk.o
#	sbin/mksfs/host-mksfs
#	sbin/mksfs/mksfs
#	sbin/mksfs/mksfs.ho
#	sbin/mksfs/mksfs.o
#	sbin/mksfs/support.ho
#	sbin/mksfs/support.o
#	sbin/poweroff/poweroff
#	sbin/poweroff/poweroff.o
#	sbin/reboot/reboot
#	sbin/reboot/reboot.o
#	testbin/add/add
#	testbin/add/add.o
#	testbin/argtest/argtest
#	testbin/argtest/argtest.o
#	testbin/badcall/bad_chdir.o
#	testbin/badcall/bad_close.o
#	testbin/badcall/bad_dup2.o
#	testbin/badcall/bad_execv.o
#	testbin/badcall/bad_fsync.o
#	testbin/badcall/bad_ftruncate.o
#	testbin/badcall/bad_getcwd.o
#	testbin/badcall/bad_getdirentry.o
#	testbin/badcall/bad_ioctl.o
#	testbin/badcall/bad_link.o
#	testbin/badcall/bad_lseek.o
#	testbin/badcall/bad_mkdir.o
#	testbin/badcall/bad_open.o
#	testbin/badcall/bad_pipe.o
#	testbin/badcall/bad_read.o
#	testbin/badcall/bad_readlink.o
#	testbin/badcall/bad_reboot.o
#	testbin/badcall/bad_remove.o
#	testbin/badcall/bad_rename.o
#	testbin/badcall/bad_rmdir.o
#	testbin/badcall/bad_sbrk.o
#	testbin/badcall/bad_stat.o
#	testbin/badcall/bad_symlink.o
#	testbin/badcall/bad_time.o
#	testbin/badcall/bad_waitpid.o
#	testbin/badcall/bad_write.o
#	testbin/badcall/badcall
#	testbin/badcall/common_buf.o
#	testbin/badcall/common_fds.o
#	testbin/badcall/common_path.o
#	testbin/badcall/driver.o
#	testbin/bigfile/bigfile
#	testbin/bigfile/bigfile.o
#	testbin/conman/conman
#	testbin/conman/conman.o
#	testbin/crash/crash
#	testbin/crash/crash.o
#	testbin/ctest/ctest
#	testbin/ctest/ctest.o
#	testbin/dirconc/dirconc
#	testbin/dirconc/dirconc.o
#	testbin/dirseek/dirseek
#	testbin/dirseek/dirseek.o
#	testbin/dirtest/dirtest
#	testbin/dirtest/dirtest.o
#	testbin/f_test/f_read.o
#	testbin/f_test/f_test
#	testbin/f_test/f_test.o
#	testbin/f_test/f_write.o
#	testbin/farm/farm
#	testbin/farm/farm.o
#	testbin/faulter/faulter
#	testbin/faulter/faulter.o
#	testbin/filetest/filetest
#	testbin/filetest/filetest.o
#	testbin/forkbomb/forkbomb
#	testbin/forkbomb/forkbomb.o
#	testbin/forktest/forktest
#	testbin/forktest/forktest.o
#	testbin/guzzle/guzzle
#	testbin/guzzle/guzzle.o
#	testbin/hash/hash
#	testbin/hash/hash.ho
#	testbin/hash/hash.o
#	testbin/hash/host-hash
#	testbin/hog/hog
#	testbin/hog/hog.o
#	testbin/huge/huge
#	testbin/huge/huge.o
#	testbin/kitchen/kitchen
#	testbin/kitchen/kitchen.o
#	testbin/matmult/matmult
#	testbin/matmult/matmult.o
#	testbin/palin/palin
#	testbin/palin/palin.o
#	testbin/parallelvm/parallelvm
#	testbin/parallelvm/parallelvm.o
#	testbin/randcall/calls.c
#	testbin/randcall/calls.o
#	testbin/randcall/main.o
#	testbin/randcall/randcall
#	testbin/rmdirtest/rmdirtest
#	testbin/rmdirtest/rmdirtest.o
#	testbin/rmtest/rmtest
#	testbin/rmtest/rmtest.o
#	testbin/sink/sink
#	testbin/sink/sink.o
#	testbin/sort/sort
#	testbin/sort/sort.o
#	testbin/sty/sty
#	testbin/sty/sty.o
#	testbin/tail/tail
#	testbin/tail/tail.o
#	testbin/tictac/tictac
#	testbin/tictac/tictac.o
#	testbin/triplehuge/triple.o
#	testbin/triplehuge/triplehuge
#	testbin/triplehuge/triplehuge.o
#	testbin/triplemat/triple.c
#	testbin/triplemat/triple.h
#	testbin/triplemat/triple.o
#	testbin/triplemat/triplemat
#	testbin/triplemat/triplemat.o
#	testbin/triplesort/triple.c
#	testbin/triplesort/triple.h
#	testbin/triplesort/triple.o
#	testbin/triplesort/triplesort
#	testbin/triplesort/triplesort.o
no changes added to commit (use "git add" and/or "git commit -a")
bash-4.2$ git commite -m ""C"o"m"m"e"n"t" "w"i"t"h" "n"a"m"e"
git: 'commite' is not a git command. See 'git --help'.

Did you mean this?
	commit
bash-4.2$ y
bash: y: command not found
bash-4.2$ ygit commite -m "Comment with name"[1P
# On branch master
# Changes not staged for commit:
#   (use "git add <file>..." to update what will be committed)
#   (use "git checkout -- <file>..." to discard changes in working directory)
#
#	modified:   bin/cat/depend.mk
#	modified:   bin/cp/depend.mk
#	modified:   bin/false/depend.mk
#	modified:   bin/ln/depend.mk
#	modified:   bin/ls/depend.mk
#	modified:   bin/mkdir/depend.mk
#	modified:   bin/mv/depend.mk
#	modified:   bin/pwd/depend.mk
#	modified:   bin/rm/depend.mk
#	modified:   bin/rmdir/depend.mk
#	modified:   bin/sh/depend.mk
#	modified:   bin/sh/dependh.mk
#	modified:   bin/sync/depend.mk
#	modified:   bin/true/depend.mk
#	modified:   kern/conf/conf.kern
#	modified:   kern/main/main.c
#	modified:   lib/hostcompat/dependh.mk
#	modified:   lib/libc/depend.mk
#	modified:   sbin/dumpsfs/depend.mk
#	modified:   sbin/dumpsfs/dependh.mk
#	modified:   sbin/halt/depend.mk
#	modified:   sbin/mksfs/depend.mk
#	modified:   sbin/mksfs/dependh.mk
#	modified:   sbin/poweroff/depend.mk
#	modified:   sbin/reboot/depend.mk
#	modified:   testbin/add/depend.mk
#	modified:   testbin/argtest/depend.mk
#	modified:   testbin/badcall/depend.mk
#	modified:   testbin/bigfile/depend.mk
#	modified:   testbin/conman/depend.mk
#	modified:   testbin/crash/depend.mk
#	modified:   testbin/ctest/depend.mk
#	modified:   testbin/dirconc/depend.mk
#	modified:   testbin/dirseek/depend.mk
#	modified:   testbin/dirtest/depend.mk
#	modified:   testbin/f_test/depend.mk
#	modified:   testbin/farm/depend.mk
#	modified:   testbin/faulter/depend.mk
#	modified:   testbin/filetest/depend.mk
#	modified:   testbin/forkbomb/depend.mk
#	modified:   testbin/forktest/depend.mk
#	modified:   testbin/guzzle/depend.mk
#	modified:   testbin/hash/depend.mk
#	modified:   testbin/hash/dependh.mk
#	modified:   testbin/hog/depend.mk
#	modified:   testbin/huge/depend.mk
#	modified:   testbin/kitchen/depend.mk
#	modified:   testbin/matmult/depend.mk
#	modified:   testbin/palin/depend.mk
#	modified:   testbin/parallelvm/depend.mk
#	modified:   testbin/randcall/depend.mk
#	modified:   testbin/rmdirtest/depend.mk
#	modified:   testbin/rmtest/depend.mk
#	modified:   testbin/sink/depend.mk
#	modified:   testbin/sort/depend.mk
#	modified:   testbin/sty/depend.mk
#	modified:   testbin/tail/depend.mk
#	modified:   testbin/tictac/depend.mk
#	modified:   testbin/triplehuge/depend.mk
#	modified:   testbin/triplemat/depend.mk
#	modified:   testbin/triplesort/depend.mk
#
# Untracked files:
#   (use "git add <file>..." to include in what will be committed)
#
#	bin/cat/cat
#	bin/cat/cat.o
#	bin/cp/cp
#	bin/cp/cp.o
#	bin/false/false
#	bin/false/false.o
#	bin/ln/ln
#	bin/ln/ln.o
#	bin/ls/ls
#	bin/ls/ls.o
#	bin/mkdir/mkdir
#	bin/mkdir/mkdir.o
#	bin/mv/mv
#	bin/mv/mv.o
#	bin/pwd/pwd
#	bin/pwd/pwd.o
#	bin/rm/rm
#	bin/rm/rm.o
#	bin/rmdir/rmdir
#	bin/rmdir/rmdir.o
#	bin/sh/host-sh
#	bin/sh/sh
#	bin/sh/sh.ho
#	bin/sh/sh.o
#	bin/sync/sync
#	bin/sync/sync.o
#	bin/true/true
#	bin/true/true.o
#	defs.mk
#	kern/compile/ASST0/
#	kern/main/hello.c
#	lib/crt0/crt0.o
#	lib/hostcompat/err.ho
#	lib/hostcompat/hostcompat.ho
#	lib/hostcompat/libhostcompat.ha
#	lib/hostcompat/time.ho
#	lib/libc/__assert.o
#	lib/libc/__printf.o
#	lib/libc/__puts.o
#	lib/libc/abort.o
#	lib/libc/atoi.o
#	lib/libc/bzero.o
#	lib/libc/err.o
#	lib/libc/errno.o
#	lib/libc/exit.o
#	lib/libc/getchar.o
#	lib/libc/getcwd.o
#	lib/libc/libc.a
#	lib/libc/memcmp.o
#	lib/libc/memcpy.o
#	lib/libc/memmove.o
#	lib/libc/memset.o
#	lib/libc/mips-setjmp.o
#	lib/libc/printf.o
#	lib/libc/putchar.o
#	lib/libc/puts.o
#	lib/libc/random.o
#	lib/libc/snprintf.o
#	lib/libc/strcat.o
#	lib/libc/strchr.o
#	lib/libc/strcmp.o
#	lib/libc/strcpy.o
#	lib/libc/strerror.o
#	lib/libc/strlen.o
#	lib/libc/strrchr.o
#	lib/libc/strtok.o
#	lib/libc/strtok_r.o
#	lib/libc/syscalls.S
#	lib/libc/syscalls.o
#	lib/libc/system.o
#	lib/libc/time.o
#	sbin/dumpsfs/disk.c
#	sbin/dumpsfs/disk.h
#	sbin/dumpsfs/disk.ho
#	sbin/dumpsfs/disk.o
#	sbin/dumpsfs/dumpsfs
#	sbin/dumpsfs/dumpsfs.ho
#	sbin/dumpsfs/dumpsfs.o
#	sbin/dumpsfs/host-dumpsfs
#	sbin/dumpsfs/support.c
#	sbin/dumpsfs/support.h
#	sbin/dumpsfs/support.ho
#	sbin/dumpsfs/support.o
#	sbin/halt/halt
#	sbin/halt/halt.o
#	sbin/mksfs/disk.ho
#	sbin/mksfs/disk.o
#	sbin/mksfs/host-mksfs
#	sbin/mksfs/mksfs
#	sbin/mksfs/mksfs.ho
#	sbin/mksfs/mksfs.o
#	sbin/mksfs/support.ho
#	sbin/mksfs/support.o
#	sbin/poweroff/poweroff
#	sbin/poweroff/poweroff.o
#	sbin/reboot/reboot
#	sbin/reboot/reboot.o
#	testbin/add/add
#	testbin/add/add.o
#	testbin/argtest/argtest
#	testbin/argtest/argtest.o
#	testbin/badcall/bad_chdir.o
#	testbin/badcall/bad_close.o
#	testbin/badcall/bad_dup2.o
#	testbin/badcall/bad_execv.o
#	testbin/badcall/bad_fsync.o
#	testbin/badcall/bad_ftruncate.o
#	testbin/badcall/bad_getcwd.o
#	testbin/badcall/bad_getdirentry.o
#	testbin/badcall/bad_ioctl.o
#	testbin/badcall/bad_link.o
#	testbin/badcall/bad_lseek.o
#	testbin/badcall/bad_mkdir.o
#	testbin/badcall/bad_open.o
#	testbin/badcall/bad_pipe.o
#	testbin/badcall/bad_read.o
#	testbin/badcall/bad_readlink.o
#	testbin/badcall/bad_reboot.o
#	testbin/badcall/bad_remove.o
#	testbin/badcall/bad_rename.o
#	testbin/badcall/bad_rmdir.o
#	testbin/badcall/bad_sbrk.o
#	testbin/badcall/bad_stat.o
#	testbin/badcall/bad_symlink.o
#	testbin/badcall/bad_time.o
#	testbin/badcall/bad_waitpid.o
#	testbin/badcall/bad_write.o
#	testbin/badcall/badcall
#	testbin/badcall/common_buf.o
#	testbin/badcall/common_fds.o
#	testbin/badcall/common_path.o
#	testbin/badcall/driver.o
#	testbin/bigfile/bigfile
#	testbin/bigfile/bigfile.o
#	testbin/conman/conman
#	testbin/conman/conman.o
#	testbin/crash/crash
#	testbin/crash/crash.o
#	testbin/ctest/ctest
#	testbin/ctest/ctest.o
#	testbin/dirconc/dirconc
#	testbin/dirconc/dirconc.o
#	testbin/dirseek/dirseek
#	testbin/dirseek/dirseek.o
#	testbin/dirtest/dirtest
#	testbin/dirtest/dirtest.o
#	testbin/f_test/f_read.o
#	testbin/f_test/f_test
#	testbin/f_test/f_test.o
#	testbin/f_test/f_write.o
#	testbin/farm/farm
#	testbin/farm/farm.o
#	testbin/faulter/faulter
#	testbin/faulter/faulter.o
#	testbin/filetest/filetest
#	testbin/filetest/filetest.o
#	testbin/forkbomb/forkbomb
#	testbin/forkbomb/forkbomb.o
#	testbin/forktest/forktest
#	testbin/forktest/forktest.o
#	testbin/guzzle/guzzle
#	testbin/guzzle/guzzle.o
#	testbin/hash/hash
#	testbin/hash/hash.ho
#	testbin/hash/hash.o
#	testbin/hash/host-hash
#	testbin/hog/hog
#	testbin/hog/hog.o
#	testbin/huge/huge
#	testbin/huge/huge.o
#	testbin/kitchen/kitchen
#	testbin/kitchen/kitchen.o
#	testbin/matmult/matmult
#	testbin/matmult/matmult.o
#	testbin/palin/palin
#	testbin/palin/palin.o
#	testbin/parallelvm/parallelvm
#	testbin/parallelvm/parallelvm.o
#	testbin/randcall/calls.c
#	testbin/randcall/calls.o
#	testbin/randcall/main.o
#	testbin/randcall/randcall
#	testbin/rmdirtest/rmdirtest
#	testbin/rmdirtest/rmdirtest.o
#	testbin/rmtest/rmtest
#	testbin/rmtest/rmtest.o
#	testbin/sink/sink
#	testbin/sink/sink.o
#	testbin/sort/sort
#	testbin/sort/sort.o
#	testbin/sty/sty
#	testbin/sty/sty.o
#	testbin/tail/tail
#	testbin/tail/tail.o
#	testbin/tictac/tictac
#	testbin/tictac/tictac.o
#	testbin/triplehuge/triple.o
#	testbin/triplehuge/triplehuge
#	testbin/triplehuge/triplehuge.o
#	testbin/triplemat/triple.c
#	testbin/triplemat/triple.h
#	testbin/triplemat/triple.o
#	testbin/triplemat/triplemat
#	testbin/triplemat/triplemat.o
#	testbin/triplesort/triple.c
#	testbin/triplesort/triple.h
#	testbin/triplesort/triple.o
#	testbin/triplesort/triplesort
#	testbin/triplesort/triplesort.o
no changes added to commit (use "git add" and/or "git commit -a")
bash-4.2$ git commit -m "Comment with name"[C[C[C[C[C[C[C[C[C[C[C[Kclear
[3;J[H[2Jbash-4.2$ ls
bin	 configure  defs.mk	    include  lib       man  sbin
CHANGES  COPYING    defs.mk.sample  kern     Makefile  mk   testbin
bash-4.2$ cd ..
bash-4.2$ ls
asst0  cs161-binutils-1.5  cs161-gdb-1.5   root  sys161-1.14
bin    cs161-gcc-1.5	   git-use.script  src	 tools
bash-4.2$ cd ..
bash-4.2$ ls
comp3500  cs161  ntuser.cmd
bash-4.2$ cd cd161
bash: cd: cd161: No such file or directory
bash-4.2$ cd cs161
bash-4.2$ cd src
bash-4.2$ ./cof[Knfigure
Checking for ranlib... yes
Checking for <err.h>... yes
Generating defs.mk.
bash-4.2$ cd ../compile/ASST0
bash: cd: ../compile/ASST0: No such file or directory
bash-4.2$ cd kern/conf
bash-4.2$ ./config S[KASST0
Configuration ASST0
Generating files... opt-*.h files.mk defs.mk Makefile autoconf.h autoconf.c
Configuration in ../compile/ASST0 done
Remember to make depend
bash-4.2$ cd ../compile/ASST0
bash-4.2$ make depend
cs161-gcc   -mno-abicalls -fno-pic -Wall -W -Wwrite-strings -g -nostdinc -I../../include -I../../dev -I.  -ffreestanding -D_KERNEL -G 0 -M ../../dev/generic/console.c ../../dev/lamebus/emu.c ../../dev/lamebus/lser.c ../../dev/lamebus/lhd.c ../../dev/generic/pseudorand.c ../../dev/generic/random.c ../../dev/lamebus/ltimer.c ../../dev/lamebus/lamebus.c ../../dev/lamebus/lrandom.c ../../dev/generic/beep.c ../../dev/lamebus/ltrace.c ../../dev/generic/rtclock.c ../../dev/lamebus/ltimer_att.c ../../dev/lamebus/con_lser.c ../../dev/lamebus/lhd_att.c ../../dev/lamebus/random_lrandom.c ../../dev/lamebus/rtclock_ltimer.c ../../dev/lamebus/ltrace_att.c ../../dev/lamebus/lser_att.c ../../dev/lamebus/lrandom_att.c ../../dev/lamebus/emu_att.c ../../dev/lamebus/beep_ltimer.c ../../dev/generic/pseudorand_att.c ../../fs/sfs/sfs_vnode.c ../../fs/sfs/sfs_fs.c ../../arch/mips/mips/dumbvm.c ../../fs/sfs/sfs_io.c ../../arch/mips/mips/cache_mips1.S ../../arch/mips/mips/exception.S ../../arch/mips/mips/lamebus_mips.c ../../arch/mips/mips/interrupt.c ../../arch/mips/mips/pcb.c ../../arch/mips/mips/ram.c ../../arch/mips/mips/spl.c ../../arch/mips/mips/start.S ../../arch/mips/mips/switch.S ../../arch/mips/mips/syscall.c ../../arch/mips/mips/threadstart.S ../../arch/mips/mips/trap.c ../../arch/mips/mips/tlb_mips1.S ../../../lib/libc/mips-setjmp.S ../../lib/copyinout.c ../../lib/array.c ../../lib/bitmap.c ../../lib/queue.c ../../lib/kheap.c ../../lib/kprintf.c ../../lib/kgets.c ../../lib/misc.c ../../lib/ntoh.c ../../../lib/libc/__printf.c ../../../lib/libc/snprintf.c ../../../lib/libc/atoi.c ../../../lib/libc/bzero.c ../../../lib/libc/memcpy.c ../../../lib/libc/memmove.c ../../../lib/libc/strcat.c ../../../lib/libc/strchr.c ../../../lib/libc/strcmp.c ../../../lib/libc/strcpy.c ../../../lib/libc/strlen.c ../../../lib/libc/strrchr.c ../../../lib/libc/strtok_r.c ../../dev/init.c ../../fs/vfs/device.c ../../fs/vfs/vfscwd.c ../../fs/vfs/vfslist.c ../../fs/vfs/vfslookup.c ../../fs/vfs/vfspath.c ../../fs/vfs/vnode.c ../../fs/vfs/devnull.c ../../thread/hardclock.c ../../thread/synch.c ../../thread/scheduler.c ../../thread/thread.c ../../main/main.c ../../main/menu.c ../../main/hello.c ../../userprog/loadelf.c ../../userprog/runprogram.c ../../userprog/uio.c ../../test/arraytest.c ../../test/bitmaptest.c ../../test/queuetest.c ../../test/threadtest.c ../../test/tt3.c ../../test/synchtest.c ../../test/malloctest.c ../../test/fstest.c ../../compile/ASST0/autoconf.c > depend.mk
/bin/sh: cs161-gcc: command not found
make: *** [depend] Error 127
bash-4.2$ export PATH-[K=~$PATH
bash-4.2$ export PATH=~$PATH[C[C[C[C[C[C[C[C[C[C[7Pmake depend
cs161-gcc   -mno-abicalls -fno-pic -Wall -W -Wwrite-strings -g -nostdinc -I../../include -I../../dev -I.  -ffreestanding -D_KERNEL -G 0 -M ../../dev/generic/console.c ../../dev/lamebus/emu.c ../../dev/lamebus/lser.c ../../dev/lamebus/lhd.c ../../dev/generic/pseudorand.c ../../dev/generic/random.c ../../dev/lamebus/ltimer.c ../../dev/lamebus/lamebus.c ../../dev/lamebus/lrandom.c ../../dev/generic/beep.c ../../dev/lamebus/ltrace.c ../../dev/generic/rtclock.c ../../dev/lamebus/ltimer_att.c ../../dev/lamebus/con_lser.c ../../dev/lamebus/lhd_att.c ../../dev/lamebus/random_lrandom.c ../../dev/lamebus/rtclock_ltimer.c ../../dev/lamebus/ltrace_att.c ../../dev/lamebus/lser_att.c ../../dev/lamebus/lrandom_att.c ../../dev/lamebus/emu_att.c ../../dev/lamebus/beep_ltimer.c ../../dev/generic/pseudorand_att.c ../../fs/sfs/sfs_vnode.c ../../fs/sfs/sfs_fs.c ../../arch/mips/mips/dumbvm.c ../../fs/sfs/sfs_io.c ../../arch/mips/mips/cache_mips1.S ../../arch/mips/mips/exception.S ../../arch/mips/mips/lamebus_mips.c ../../arch/mips/mips/interrupt.c ../../arch/mips/mips/pcb.c ../../arch/mips/mips/ram.c ../../arch/mips/mips/spl.c ../../arch/mips/mips/start.S ../../arch/mips/mips/switch.S ../../arch/mips/mips/syscall.c ../../arch/mips/mips/threadstart.S ../../arch/mips/mips/trap.c ../../arch/mips/mips/tlb_mips1.S ../../../lib/libc/mips-setjmp.S ../../lib/copyinout.c ../../lib/array.c ../../lib/bitmap.c ../../lib/queue.c ../../lib/kheap.c ../../lib/kprintf.c ../../lib/kgets.c ../../lib/misc.c ../../lib/ntoh.c ../../../lib/libc/__printf.c ../../../lib/libc/snprintf.c ../../../lib/libc/atoi.c ../../../lib/libc/bzero.c ../../../lib/libc/memcpy.c ../../../lib/libc/memmove.c ../../../lib/libc/strcat.c ../../../lib/libc/strchr.c ../../../lib/libc/strcmp.c ../../../lib/libc/strcpy.c ../../../lib/libc/strlen.c ../../../lib/libc/strrchr.c ../../../lib/libc/strtok_r.c ../../dev/init.c ../../fs/vfs/device.c ../../fs/vfs/vfscwd.c ../../fs/vfs/vfslist.c ../../fs/vfs/vfslookup.c ../../fs/vfs/vfspath.c ../../fs/vfs/vnode.c ../../fs/vfs/devnull.c ../../thread/hardclock.c ../../thread/synch.c ../../thread/scheduler.c ../../thread/thread.c ../../main/main.c ../../main/menu.c ../../main/hello.c ../../userprog/loadelf.c ../../userprog/runprogram.c ../../userprog/uio.c ../../test/arraytest.c ../../test/bitmaptest.c ../../test/queuetest.c ../../test/threadtest.c ../../test/tt3.c ../../test/synchtest.c ../../test/malloctest.c ../../test/fstest.c ../../compile/ASST0/autoconf.c > depend.mk
/bin/sh: cs161-gcc: command not found
make: *** [depend] Error 127
bash-4.2$ make dependexport PATH=~$PATH[K[K[K[K[K[K~/cs161/vin:[K[K[K[Kbin"[K:$PATH
bash-4.2$ export PATH=~/cs161/bin:$PATH[C[C[C[C[C[C[C[C[C[C[18Pmake depend
cs161-gcc   -mno-abicalls -fno-pic -Wall -W -Wwrite-strings -g -nostdinc -I../../include -I../../dev -I.  -ffreestanding -D_KERNEL -G 0 -M ../../dev/generic/console.c ../../dev/lamebus/emu.c ../../dev/lamebus/lser.c ../../dev/lamebus/lhd.c ../../dev/generic/pseudorand.c ../../dev/generic/random.c ../../dev/lamebus/ltimer.c ../../dev/lamebus/lamebus.c ../../dev/lamebus/lrandom.c ../../dev/generic/beep.c ../../dev/lamebus/ltrace.c ../../dev/generic/rtclock.c ../../dev/lamebus/ltimer_att.c ../../dev/lamebus/con_lser.c ../../dev/lamebus/lhd_att.c ../../dev/lamebus/random_lrandom.c ../../dev/lamebus/rtclock_ltimer.c ../../dev/lamebus/ltrace_att.c ../../dev/lamebus/lser_att.c ../../dev/lamebus/lrandom_att.c ../../dev/lamebus/emu_att.c ../../dev/lamebus/beep_ltimer.c ../../dev/generic/pseudorand_att.c ../../fs/sfs/sfs_vnode.c ../../fs/sfs/sfs_fs.c ../../arch/mips/mips/dumbvm.c ../../fs/sfs/sfs_io.c ../../arch/mips/mips/cache_mips1.S ../../arch/mips/mips/exception.S ../../arch/mips/mips/lamebus_mips.c ../../arch/mips/mips/interrupt.c ../../arch/mips/mips/pcb.c ../../arch/mips/mips/ram.c ../../arch/mips/mips/spl.c ../../arch/mips/mips/start.S ../../arch/mips/mips/switch.S ../../arch/mips/mips/syscall.c ../../arch/mips/mips/threadstart.S ../../arch/mips/mips/trap.c ../../arch/mips/mips/tlb_mips1.S ../../../lib/libc/mips-setjmp.S ../../lib/copyinout.c ../../lib/array.c ../../lib/bitmap.c ../../lib/queue.c ../../lib/kheap.c ../../lib/kprintf.c ../../lib/kgets.c ../../lib/misc.c ../../lib/ntoh.c ../../../lib/libc/__printf.c ../../../lib/libc/snprintf.c ../../../lib/libc/atoi.c ../../../lib/libc/bzero.c ../../../lib/libc/memcpy.c ../../../lib/libc/memmove.c ../../../lib/libc/strcat.c ../../../lib/libc/strchr.c ../../../lib/libc/strcmp.c ../../../lib/libc/strcpy.c ../../../lib/libc/strlen.c ../../../lib/libc/strrchr.c ../../../lib/libc/strtok_r.c ../../dev/init.c ../../fs/vfs/device.c ../../fs/vfs/vfscwd.c ../../fs/vfs/vfslist.c ../../fs/vfs/vfslookup.c ../../fs/vfs/vfspath.c ../../fs/vfs/vnode.c ../../fs/vfs/devnull.c ../../thread/hardclock.c ../../thread/synch.c ../../thread/scheduler.c ../../thread/thread.c ../../main/main.c ../../main/menu.c ../../main/hello.c ../../userprog/loadelf.c ../../userprog/runprogram.c ../../userprog/uio.c ../../test/arraytest.c ../../test/bitmaptest.c ../../test/queuetest.c ../../test/threadtest.c ../../test/tt3.c ../../test/synchtest.c ../../test/malloctest.c ../../test/fstest.c ../../compile/ASST0/autoconf.c > depend.mk
bash-4.2$ make
cs161-gcc   -mno-abicalls -fno-pic -Wall -W -Wwrite-strings -g -nostdinc -I../../include -I../../dev -I.  -ffreestanding -D_KERNEL -G 0 -c ../../main/main.c
../../main/main.c: In function ‘shutdown’:
../../main/main.c:7: warning: implicit declaration of function ‘kprintf’
../../main/main.c:9: warning: implicit declaration of function ‘vfs_clearbootfs’
../../main/main.c:10: warning: implicit declaration of function ‘vfs_clearcurdir’
../../main/main.c:11: warning: implicit declaration of function ‘vfs_unmountall’
../../main/main.c:13: warning: implicit declaration of function ‘splhigh’
../../main/main.c:15: warning: implicit declaration of function ‘scheduler_shutdown’
../../main/main.c:16: warning: implicit declaration of function ‘thread_shutdown’
../../main/main.c: In function ‘sys_reboot’:
../../main/main.c:32: error: ‘RB_REBOOT’ undeclared (first use in this function)
../../main/main.c:32: error: (Each undeclared identifier is reported only once
../../main/main.c:32: error: for each function it appears in.)
../../main/main.c:33: error: ‘RB_HALT’ undeclared (first use in this function)
../../main/main.c:34: error: ‘RB_POWEROFF’ undeclared (first use in this function)
../../main/main.c:37: error: ‘EINVAL’ undeclared (first use in this function)
../../main/main.c:45: warning: implicit declaration of function ‘md_halt’
../../main/main.c:49: warning: implicit declaration of function ‘md_reboot’
../../main/main.c:53: warning: implicit declaration of function ‘md_poweroff’
../../main/main.c:57: warning: implicit declaration of function ‘panic’
../../main/main.c: In function ‘kmain’:
../../main/main.c:68: warning: implicit declaration of function ‘boot’
../../main/main.c:70: warning: implicit declaration of function ‘menu’
make: *** [main.o] Error 1
bash-4.2$ cd ..
bash-4.2$ cd ..
bash-4.2$ ls
arch  asst1  compile  conf  dev  fs  include  lib  main  Makefile  test  thread  userprog  vm
bash-4.2$ cd ..
bash-4.2$ cd[K[Kls
bin	 configure  defs.mk	    include  lib       man  sbin
CHANGES  COPYING    defs.mk.sample  kern     Makefile  mk   testbin
bash-4.2$ cd ..
bash-4.2$ cd ..
bash-4.2$ ls
comp3500  cs161  ntuser.cmd
bash-4.2$ cd cs161
bash-4.2$ ls
asst0  cs161-binutils-1.5  cs161-gdb-1.5   root  sys161-1.14
bin    cs161-gcc-1.5	   git-use.script  src	 tools
bash-4.2$ cd sy[Krc
bash-4.2$ rm s[Kker/main/main.c
rm: cannot remove ‘ker/main/main.c’: No such file or directory
bash-4.2$ rm ker/main/main.cn/main/main.c
bash-4.2$ git checkout kern/main/main.c
bash-4.2$ ./compile
bash: ./compile: No such file or directory
bash-4.2$ ./compile[K[K[K[K[Knfigure
Checking for ranlib... yes
Checking for <err.h>... yes
Generating defs.mk.
bash-4.2$ cd kjer[K[K[Kern/conf
bash-4.2$ ./configu[K ASST0
Configuration ASST0
Generating files... opt-*.h files.mk defs.mk Makefile autoconf.h autoconf.c
Configuration in ../compile/ASST0 done
Remember to make depend
bash-4.2$ cd ../compile/ASST)[K0
bash-4.2$ make depend
cs161-gcc   -mno-abicalls -fno-pic -Wall -W -Wwrite-strings -g -nostdinc -I../../include -I../../dev -I.  -ffreestanding -D_KERNEL -G 0 -M ../../dev/generic/console.c ../../dev/lamebus/emu.c ../../dev/lamebus/lser.c ../../dev/lamebus/lhd.c ../../dev/generic/pseudorand.c ../../dev/generic/random.c ../../dev/lamebus/ltimer.c ../../dev/lamebus/lamebus.c ../../dev/lamebus/lrandom.c ../../dev/generic/beep.c ../../dev/lamebus/ltrace.c ../../dev/generic/rtclock.c ../../dev/lamebus/ltimer_att.c ../../dev/lamebus/con_lser.c ../../dev/lamebus/lhd_att.c ../../dev/lamebus/random_lrandom.c ../../dev/lamebus/rtclock_ltimer.c ../../dev/lamebus/ltrace_att.c ../../dev/lamebus/lser_att.c ../../dev/lamebus/lrandom_att.c ../../dev/lamebus/emu_att.c ../../dev/lamebus/beep_ltimer.c ../../dev/generic/pseudorand_att.c ../../fs/sfs/sfs_vnode.c ../../fs/sfs/sfs_fs.c ../../arch/mips/mips/dumbvm.c ../../fs/sfs/sfs_io.c ../../arch/mips/mips/cache_mips1.S ../../arch/mips/mips/exception.S ../../arch/mips/mips/lamebus_mips.c ../../arch/mips/mips/interrupt.c ../../arch/mips/mips/pcb.c ../../arch/mips/mips/ram.c ../../arch/mips/mips/spl.c ../../arch/mips/mips/start.S ../../arch/mips/mips/switch.S ../../arch/mips/mips/syscall.c ../../arch/mips/mips/threadstart.S ../../arch/mips/mips/trap.c ../../arch/mips/mips/tlb_mips1.S ../../../lib/libc/mips-setjmp.S ../../lib/copyinout.c ../../lib/array.c ../../lib/bitmap.c ../../lib/queue.c ../../lib/kheap.c ../../lib/kprintf.c ../../lib/kgets.c ../../lib/misc.c ../../lib/ntoh.c ../../../lib/libc/__printf.c ../../../lib/libc/snprintf.c ../../../lib/libc/atoi.c ../../../lib/libc/bzero.c ../../../lib/libc/memcpy.c ../../../lib/libc/memmove.c ../../../lib/libc/strcat.c ../../../lib/libc/strchr.c ../../../lib/libc/strcmp.c ../../../lib/libc/strcpy.c ../../../lib/libc/strlen.c ../../../lib/libc/strrchr.c ../../../lib/libc/strtok_r.c ../../dev/init.c ../../fs/vfs/device.c ../../fs/vfs/vfscwd.c ../../fs/vfs/vfslist.c ../../fs/vfs/vfslookup.c ../../fs/vfs/vfspath.c ../../fs/vfs/vnode.c ../../fs/vfs/devnull.c ../../thread/hardclock.c ../../thread/synch.c ../../thread/scheduler.c ../../thread/thread.c ../../main/main.c ../../main/menu.c ../../main/hello.c ../../userprog/loadelf.c ../../userprog/runprogram.c ../../userprog/uio.c ../../test/arraytest.c ../../test/bitmaptest.c ../../test/queuetest.c ../../test/threadtest.c ../../test/tt3.c ../../test/synchtest.c ../../test/malloctest.c ../../test/fstest.c ../../compile/ASST0/autoconf.c > depend.mk
bash-4.2$ make
cs161-gcc   -mno-abicalls -fno-pic -Wall -W -Wwrite-strings -g -nostdinc -I../../include -I../../dev -I.  -ffreestanding -D_KERNEL -G 0 -c ../../main/main.c
cs161-gcc   -mno-abicalls -fno-pic -Wall -W -Wwrite-strings -g -nostdinc -I../../include -I../../dev -I.  -ffreestanding -D_KERNEL -G 0 -c ../../compile/ASST0/autoconf.c
../../conf/newvers.sh ASST0
*** This is ASST0 build #3 ***
cs161-gcc   -mno-abicalls -fno-pic -Wall -W -Wwrite-strings -g -nostdinc -I../../include -I../../dev -I.  -ffreestanding -D_KERNEL -G 0 -c vers.c
cs161-ld   -nostdlib -Ttext 0x80001000 -T ../../arch/mips/conf/ldscript -G 0 console.o emu.o lser.o lhd.o pseudorand.o random.o ltimer.o lamebus.o lrandom.o beep.o ltrace.o rtclock.o ltimer_att.o con_lser.o lhd_att.o random_lrandom.o rtclock_ltimer.o ltrace_att.o lser_att.o lrandom_att.o emu_att.o beep_ltimer.o pseudorand_att.o sfs_vnode.o sfs_fs.o dumbvm.o sfs_io.o cache_mips1.o exception.o lamebus_mips.o interrupt.o pcb.o ram.o spl.o start.o switch.o syscall.o threadstart.o trap.o tlb_mips1.o mips-setjmp.o copyinout.o array.o bitmap.o queue.o kheap.o kprintf.o kgets.o misc.o ntoh.o __printf.o snprintf.o atoi.o bzero.o memcpy.o memmove.o strcat.o strchr.o strcmp.o strcpy.o strlen.o strrchr.o strtok_r.o init.o device.o vfscwd.o vfslist.o vfslookup.o vfspath.o vnode.o devnull.o hardclock.o synch.o scheduler.o thread.o main.o menu.o hello.o loadelf.o runprogram.o uio.o arraytest.o bitmaptest.o queuetest.o threadtest.o tt3.o synchtest.o malloctest.o fstest.o autoconf.o vers.o -o kernel
cs161-size kernel
   text	   data	    bss	    dec	    hex	filename
 160632	    448	   7668	 168748	  2932c	kernel
bash-4.2$ make install
[ -d /home/u2/mrb0094/cs161/root ] || mkdir /home/u2/mrb0094/cs161/root
cp kernel /home/u2/mrb0094/cs161/root/kernel-ASST0
rm -f /home/u2/mrb0094/cs161/root/kernel
ln -s kernel-ASST0 /home/u2/mrb0094/cs161/root/kernel
bash-4.2$ cd ..
bash-4.2$ cd ..
bash-4.2$ cd.[K ..
bash-4.2$ ls
bin	 configure  defs.mk	    include  lib       man  sbin
CHANGES  COPYING    defs.mk.sample  kern     Makefile  mk   testbin
bash-4.2$ make
make includes
make[1]: Entering directory `/home/u2/mrb0094/cs161/src'
(cd kern && make includes)
make[2]: Entering directory `/home/u2/mrb0094/cs161/src/kern'
[ -d /home/u2/mrb0094/cs161/root/include/kern ] || mkdir -p /home/u2/mrb0094/cs161/root/include/kern
[ -d /home/u2/mrb0094/cs161/root/include/mips ] || mkdir -p /home/u2/mrb0094/cs161/root/include/mips
rm -f /home/u2/mrb0094/cs161/root/include/machine
ln -s mips /home/u2/mrb0094/cs161/root/include/machine
Installing kernel includes...
Installing machine-dependent includes for mips...
make[2]: Leaving directory `/home/u2/mrb0094/cs161/src/kern'
(cd include && make includes)
make[2]: Entering directory `/home/u2/mrb0094/cs161/src/include'
[ -d /home/u2/mrb0094/cs161/root/include ] || mkdir -p /home/u2/mrb0094/cs161/root/include
[ -d /home/u2/mrb0094/cs161/root/include/sys ] || mkdir -p /home/u2/mrb0094/cs161/root/include/sys
Installing library includes...
make[2]: Leaving directory `/home/u2/mrb0094/cs161/src/include'
(cd lib/hostcompat && make includes)
make[2]: Entering directory `/home/u2/mrb0094/cs161/src/lib/hostcompat'
[ -d /home/u2/mrb0094/cs161/root/hostinclude ] || mkdir /home/u2/mrb0094/cs161/root/hostinclude
rm -f /home/u2/mrb0094/cs161/root/hostinclude/kern
ln -s ../include/kern /home/u2/mrb0094/cs161/root/hostinclude/kern
cp hostcompat.h /home/u2/mrb0094/cs161/root/hostinclude
make[2]: Leaving directory `/home/u2/mrb0094/cs161/src/lib/hostcompat'
make[1]: Leaving directory `/home/u2/mrb0094/cs161/src'
make depend
make[1]: Entering directory `/home/u2/mrb0094/cs161/src'
(cd include && make depend)
make[2]: Entering directory `/home/u2/mrb0094/cs161/src/include'
make[2]: Nothing to be done for `depend'.
make[2]: Leaving directory `/home/u2/mrb0094/cs161/src/include'
(cd lib && make depend)
make[2]: Entering directory `/home/u2/mrb0094/cs161/src/lib'
(cd crt0 && make depend)
make[3]: Entering directory `/home/u2/mrb0094/cs161/src/lib/crt0'
make[3]: `depend' is up to date.
make[3]: Leaving directory `/home/u2/mrb0094/cs161/src/lib/crt0'
(cd libc && make depend)
make[3]: Entering directory `/home/u2/mrb0094/cs161/src/lib/libc'
make syscalls.S
make[4]: Entering directory `/home/u2/mrb0094/cs161/src/lib/libc'
rm -f syscalls.S syscalls.S.tmp
echo '/* Automatically generated from syscalls-mips.S */' \
	> syscalls.S.tmp
cat syscalls-mips.S >> syscalls.S.tmp
./callno-parse.sh < ../../kern/include/kern/callno.h >> syscalls.S.tmp
mv -f syscalls.S.tmp syscalls.S
make[4]: Leaving directory `/home/u2/mrb0094/cs161/src/lib/libc'
cs161-gcc  -nostdinc -I/home/u2/mrb0094/cs161/root/include  -mno-abicalls -fno-pic -Wall -W -Wwrite-strings -O2 -M __printf.c snprintf.c printf.c atoi.c bzero.c memcmp.c memcpy.c memmove.c memset.c strcat.c strchr.c strcmp.c strcpy.c strlen.c strrchr.c strtok.c strtok_r.c __assert.c __puts.c err.c getchar.c putchar.c puts.c  abort.c errno.c exit.c getcwd.c random.c strerror.c system.c time.c mips-setjmp.S syscalls.S |\
  awk '{x=$0~"^ ";for(i=1;i<=NF;i++){printf "%d %s\n",x,$i;x=1; }}'|\
  sed '/1 \\/d' | awk '{ printf "%s%s", $1?" \\\n ":"\n", $2 }' |\
  sed 's|/home/u2/mrb0094/cs161/root|$(OSTREE)|;$p;$x' > depend.mk
make[3]: Leaving directory `/home/u2/mrb0094/cs161/src/lib/libc'
(cd hostcompat && make depend)
make[3]: Entering directory `/home/u2/mrb0094/cs161/src/lib/hostcompat'
gcc  -Wall -W -Wwrite-strings -O2 -I/home/u2/mrb0094/cs161/root/hostinclude  -MM err.c time.c hostcompat.c |\
  awk '{x=$0~"^ ";for(i=1;i<=NF;i++){printf "%d %s\n",x,$i;x=1; }}'|\
  sed '/1 \\/d' | awk '{ printf "%s%s", $1?" \\\n ":"\n", $2 }' |\
  sed 's/\.o/\.ho/' |\
  sed 's|/home/u2/mrb0094/cs161/root|$(OSTREE)|;$p;$x' > dependh.mk
make[3]: Leaving directory `/home/u2/mrb0094/cs161/src/lib/hostcompat'
make[2]: Leaving directory `/home/u2/mrb0094/cs161/src/lib'
(cd bin && make depend)
make[2]: Entering directory `/home/u2/mrb0094/cs161/src/bin'
(cd true && make depend)
make[3]: Entering directory `/home/u2/mrb0094/cs161/src/bin/true'
cs161-gcc  -nostdinc -I/home/u2/mrb0094/cs161/root/include  -mno-abicalls -fno-pic -Wall -W -Wwrite-strings -O2 -M true.c |\
  awk '{x=$0~"^ ";for(i=1;i<=NF;i++){printf "%d %s\n",x,$i;x=1; }}'|\
  sed '/1 \\/d' | awk '{ printf "%s%s", $1?" \\\n ":"\n", $2 }' |\
  sed 's|/home/u2/mrb0094/cs161/root|$(OSTREE)|;$p;$x' > .deptmp
mv -f .deptmp depend.mk
make[3]: Leaving directory `/home/u2/mrb0094/cs161/src/bin/true'
(cd false && make depend)
make[3]: Entering directory `/home/u2/mrb0094/cs161/src/bin/false'
cs161-gcc  -nostdinc -I/home/u2/mrb0094/cs161/root/include  -mno-abicalls -fno-pic -Wall -W -Wwrite-strings -O2 -M false.c |\
  awk '{x=$0~"^ ";for(i=1;i<=NF;i++){printf "%d %s\n",x,$i;x=1; }}'|\
  sed '/1 \\/d' | awk '{ printf "%s%s", $1?" \\\n ":"\n", $2 }' |\
  sed 's|/home/u2/mrb0094/cs161/root|$(OSTREE)|;$p;$x' > .deptmp
mv -f .deptmp depend.mk
make[3]: Leaving directory `/home/u2/mrb0094/cs161/src/bin/false'
(cd sync && make depend)
make[3]: Entering directory `/home/u2/mrb0094/cs161/src/bin/sync'
cs161-gcc  -nostdinc -I/home/u2/mrb0094/cs161/root/include  -mno-abicalls -fno-pic -Wall -W -Wwrite-strings -O2 -M sync.c |\
  awk '{x=$0~"^ ";for(i=1;i<=NF;i++){printf "%d %s\n",x,$i;x=1; }}'|\
  sed '/1 \\/d' | awk '{ printf "%s%s", $1?" \\\n ":"\n", $2 }' |\
  sed 's|/home/u2/mrb0094/cs161/root|$(OSTREE)|;$p;$x' > .deptmp
mv -f .deptmp depend.mk
make[3]: Leaving directory `/home/u2/mrb0094/cs161/src/bin/sync'
(cd mkdir && make depend)
make[3]: Entering directory `/home/u2/mrb0094/cs161/src/bin/mkdir'
cs161-gcc  -nostdinc -I/home/u2/mrb0094/cs161/root/include  -mno-abicalls -fno-pic -Wall -W -Wwrite-strings -O2 -M mkdir.c |\
  awk '{x=$0~"^ ";for(i=1;i<=NF;i++){printf "%d %s\n",x,$i;x=1; }}'|\
  sed '/1 \\/d' | awk '{ printf "%s%s", $1?" \\\n ":"\n", $2 }' |\
  sed 's|/home/u2/mrb0094/cs161/root|$(OSTREE)|;$p;$x' > .deptmp
mv -f .deptmp depend.mk
make[3]: Leaving directory `/home/u2/mrb0094/cs161/src/bin/mkdir'
(cd rmdir && make depend)
make[3]: Entering directory `/home/u2/mrb0094/cs161/src/bin/rmdir'
cs161-gcc  -nostdinc -I/home/u2/mrb0094/cs161/root/include  -mno-abicalls -fno-pic -Wall -W -Wwrite-strings -O2 -M rmdir.c |\
  awk '{x=$0~"^ ";for(i=1;i<=NF;i++){printf "%d %s\n",x,$i;x=1; }}'|\
  sed '/1 \\/d' | awk '{ printf "%s%s", $1?" \\\n ":"\n", $2 }' |\
  sed 's|/home/u2/mrb0094/cs161/root|$(OSTREE)|;$p;$x' > .deptmp
mv -f .deptmp depend.mk
make[3]: Leaving directory `/home/u2/mrb0094/cs161/src/bin/rmdir'
(cd pwd && make depend)
make[3]: Entering directory `/home/u2/mrb0094/cs161/src/bin/pwd'
cs161-gcc  -nostdinc -I/home/u2/mrb0094/cs161/root/include  -mno-abicalls -fno-pic -Wall -W -Wwrite-strings -O2 -M pwd.c |\
  awk '{x=$0~"^ ";for(i=1;i<=NF;i++){printf "%d %s\n",x,$i;x=1; }}'|\
  sed '/1 \\/d' | awk '{ printf "%s%s", $1?" \\\n ":"\n", $2 }' |\
  sed 's|/home/u2/mrb0094/cs161/root|$(OSTREE)|;$p;$x' > .deptmp
mv -f .deptmp depend.mk
make[3]: Leaving directory `/home/u2/mrb0094/cs161/src/bin/pwd'
(cd cat && make depend)
make[3]: Entering directory `/home/u2/mrb0094/cs161/src/bin/cat'
cs161-gcc  -nostdinc -I/home/u2/mrb0094/cs161/root/include  -mno-abicalls -fno-pic -Wall -W -Wwrite-strings -O2 -M cat.c |\
  awk '{x=$0~"^ ";for(i=1;i<=NF;i++){printf "%d %s\n",x,$i;x=1; }}'|\
  sed '/1 \\/d' | awk '{ printf "%s%s", $1?" \\\n ":"\n", $2 }' |\
  sed 's|/home/u2/mrb0094/cs161/root|$(OSTREE)|;$p;$x' > .deptmp
mv -f .deptmp depend.mk
make[3]: Leaving directory `/home/u2/mrb0094/cs161/src/bin/cat'
(cd cp && make depend)
make[3]: Entering directory `/home/u2/mrb0094/cs161/src/bin/cp'
cs161-gcc  -nostdinc -I/home/u2/mrb0094/cs161/root/include  -mno-abicalls -fno-pic -Wall -W -Wwrite-strings -O2 -M cp.c |\
  awk '{x=$0~"^ ";for(i=1;i<=NF;i++){printf "%d %s\n",x,$i;x=1; }}'|\
  sed '/1 \\/d' | awk '{ printf "%s%s", $1?" \\\n ":"\n", $2 }' |\
  sed 's|/home/u2/mrb0094/cs161/root|$(OSTREE)|;$p;$x' > .deptmp
mv -f .deptmp depend.mk
make[3]: Leaving directory `/home/u2/mrb0094/cs161/src/bin/cp'
(cd ln && make depend)
make[3]: Entering directory `/home/u2/mrb0094/cs161/src/bin/ln'
cs161-gcc  -nostdinc -I/home/u2/mrb0094/cs161/root/include  -mno-abicalls -fno-pic -Wall -W -Wwrite-strings -O2 -M ln.c |\
  awk '{x=$0~"^ ";for(i=1;i<=NF;i++){printf "%d %s\n",x,$i;x=1; }}'|\
  sed '/1 \\/d' | awk '{ printf "%s%s", $1?" \\\n ":"\n", $2 }' |\
  sed 's|/home/u2/mrb0094/cs161/root|$(OSTREE)|;$p;$x' > .deptmp
mv -f .deptmp depend.mk
make[3]: Leaving directory `/home/u2/mrb0094/cs161/src/bin/ln'
(cd mv && make depend)
make[3]: Entering directory `/home/u2/mrb0094/cs161/src/bin/mv'
cs161-gcc  -nostdinc -I/home/u2/mrb0094/cs161/root/include  -mno-abicalls -fno-pic -Wall -W -Wwrite-strings -O2 -M mv.c |\
  awk '{x=$0~"^ ";for(i=1;i<=NF;i++){printf "%d %s\n",x,$i;x=1; }}'|\
  sed '/1 \\/d' | awk '{ printf "%s%s", $1?" \\\n ":"\n", $2 }' |\
  sed 's|/home/u2/mrb0094/cs161/root|$(OSTREE)|;$p;$x' > .deptmp
mv -f .deptmp depend.mk
make[3]: Leaving directory `/home/u2/mrb0094/cs161/src/bin/mv'
(cd rm && make depend)
make[3]: Entering directory `/home/u2/mrb0094/cs161/src/bin/rm'
cs161-gcc  -nostdinc -I/home/u2/mrb0094/cs161/root/include  -mno-abicalls -fno-pic -Wall -W -Wwrite-strings -O2 -M rm.c |\
  awk '{x=$0~"^ ";for(i=1;i<=NF;i++){printf "%d %s\n",x,$i;x=1; }}'|\
  sed '/1 \\/d' | awk '{ printf "%s%s", $1?" \\\n ":"\n", $2 }' |\
  sed 's|/home/u2/mrb0094/cs161/root|$(OSTREE)|;$p;$x' > .deptmp
mv -f .deptmp depend.mk
make[3]: Leaving directory `/home/u2/mrb0094/cs161/src/bin/rm'
(cd ls && make depend)
make[3]: Entering directory `/home/u2/mrb0094/cs161/src/bin/ls'
cs161-gcc  -nostdinc -I/home/u2/mrb0094/cs161/root/include  -mno-abicalls -fno-pic -Wall -W -Wwrite-strings -O2 -M ls.c |\
  awk '{x=$0~"^ ";for(i=1;i<=NF;i++){printf "%d %s\n",x,$i;x=1; }}'|\
  sed '/1 \\/d' | awk '{ printf "%s%s", $1?" \\\n ":"\n", $2 }' |\
  sed 's|/home/u2/mrb0094/cs161/root|$(OSTREE)|;$p;$x' > .deptmp
mv -f .deptmp depend.mk
make[3]: Leaving directory `/home/u2/mrb0094/cs161/src/bin/ls'
(cd sh && make depend)
make[3]: Entering directory `/home/u2/mrb0094/cs161/src/bin/sh'
cs161-gcc  -nostdinc -I/home/u2/mrb0094/cs161/root/include  -mno-abicalls -fno-pic -Wall -W -Wwrite-strings -O2 -M sh.c |\
  awk '{x=$0~"^ ";for(i=1;i<=NF;i++){printf "%d %s\n",x,$i;x=1; }}'|\
  sed '/1 \\/d' | awk '{ printf "%s%s", $1?" \\\n ":"\n", $2 }' |\
  sed 's|/home/u2/mrb0094/cs161/root|$(OSTREE)|;$p;$x' > .deptmp
mv -f .deptmp depend.mk
gcc  -Wall -W -Wwrite-strings -O2 -I/home/u2/mrb0094/cs161/root/hostinclude -DHOST -MM sh.c |\
  awk '{x=$0~"^ ";for(i=1;i<=NF;i++){printf "%d %s\n",x,$i;x=1; }}'|\
  sed '/1 \\/d' | awk '{ printf "%s%s", $1?" \\\n ":"\n", $2 }' |\
  sed 's/\.o/\.ho/' |\
  sed 's|/home/u2/mrb0094/cs161/root|$(OSTREE)|;$p;$x' > .deptmp
mv -f .deptmp dependh.mk
make[3]: Leaving directory `/home/u2/mrb0094/cs161/src/bin/sh'
make[2]: Leaving directory `/home/u2/mrb0094/cs161/src/bin'
(cd sbin && make depend)
make[2]: Entering directory `/home/u2/mrb0094/cs161/src/sbin'
(cd reboot && make depend)
make[3]: Entering directory `/home/u2/mrb0094/cs161/src/sbin/reboot'
cs161-gcc  -nostdinc -I/home/u2/mrb0094/cs161/root/include  -mno-abicalls -fno-pic -Wall -W -Wwrite-strings -O2 -M reboot.c |\
  awk '{x=$0~"^ ";for(i=1;i<=NF;i++){printf "%d %s\n",x,$i;x=1; }}'|\
  sed '/1 \\/d' | awk '{ printf "%s%s", $1?" \\\n ":"\n", $2 }' |\
  sed 's|/home/u2/mrb0094/cs161/root|$(OSTREE)|;$p;$x' > .deptmp
mv -f .deptmp depend.mk
make[3]: Leaving directory `/home/u2/mrb0094/cs161/src/sbin/reboot'
(cd halt && make depend)
make[3]: Entering directory `/home/u2/mrb0094/cs161/src/sbin/halt'
cs161-gcc  -nostdinc -I/home/u2/mrb0094/cs161/root/include  -mno-abicalls -fno-pic -Wall -W -Wwrite-strings -O2 -M halt.c |\
  awk '{x=$0~"^ ";for(i=1;i<=NF;i++){printf "%d %s\n",x,$i;x=1; }}'|\
  sed '/1 \\/d' | awk '{ printf "%s%s", $1?" \\\n ":"\n", $2 }' |\
  sed 's|/home/u2/mrb0094/cs161/root|$(OSTREE)|;$p;$x' > .deptmp
mv -f .deptmp depend.mk
make[3]: Leaving directory `/home/u2/mrb0094/cs161/src/sbin/halt'
(cd poweroff && make depend)
make[3]: Entering directory `/home/u2/mrb0094/cs161/src/sbin/poweroff'
cs161-gcc  -nostdinc -I/home/u2/mrb0094/cs161/root/include  -mno-abicalls -fno-pic -Wall -W -Wwrite-strings -O2 -M poweroff.c |\
  awk '{x=$0~"^ ";for(i=1;i<=NF;i++){printf "%d %s\n",x,$i;x=1; }}'|\
  sed '/1 \\/d' | awk '{ printf "%s%s", $1?" \\\n ":"\n", $2 }' |\
  sed 's|/home/u2/mrb0094/cs161/root|$(OSTREE)|;$p;$x' > .deptmp
mv -f .deptmp depend.mk
make[3]: Leaving directory `/home/u2/mrb0094/cs161/src/sbin/poweroff'
(cd mksfs && make depend)
make[3]: Entering directory `/home/u2/mrb0094/cs161/src/sbin/mksfs'
cs161-gcc  -nostdinc -I/home/u2/mrb0094/cs161/root/include  -mno-abicalls -fno-pic -Wall -W -Wwrite-strings -O2 -M mksfs.c disk.c support.c |\
  awk '{x=$0~"^ ";for(i=1;i<=NF;i++){printf "%d %s\n",x,$i;x=1; }}'|\
  sed '/1 \\/d' | awk '{ printf "%s%s", $1?" \\\n ":"\n", $2 }' |\
  sed 's|/home/u2/mrb0094/cs161/root|$(OSTREE)|;$p;$x' > .deptmp
mv -f .deptmp depend.mk
gcc  -Wall -W -Wwrite-strings -O2 -I/home/u2/mrb0094/cs161/root/hostinclude -DHOST -MM mksfs.c disk.c support.c |\
  awk '{x=$0~"^ ";for(i=1;i<=NF;i++){printf "%d %s\n",x,$i;x=1; }}'|\
  sed '/1 \\/d' | awk '{ printf "%s%s", $1?" \\\n ":"\n", $2 }' |\
  sed 's/\.o/\.ho/' |\
  sed 's|/home/u2/mrb0094/cs161/root|$(OSTREE)|;$p;$x' > .deptmp
mv -f .deptmp dependh.mk
make[3]: Leaving directory `/home/u2/mrb0094/cs161/src/sbin/mksfs'
(cd dumpsfs && make depend)
make[3]: Entering directory `/home/u2/mrb0094/cs161/src/sbin/dumpsfs'
cs161-gcc  -nostdinc -I/home/u2/mrb0094/cs161/root/include  -mno-abicalls -fno-pic -Wall -W -Wwrite-strings -O2 -M dumpsfs.c disk.c support.c |\
  awk '{x=$0~"^ ";for(i=1;i<=NF;i++){printf "%d %s\n",x,$i;x=1; }}'|\
  sed '/1 \\/d' | awk '{ printf "%s%s", $1?" \\\n ":"\n", $2 }' |\
  sed 's|/home/u2/mrb0094/cs161/root|$(OSTREE)|;$p;$x' > .deptmp
mv -f .deptmp depend.mk
gcc  -Wall -W -Wwrite-strings -O2 -I/home/u2/mrb0094/cs161/root/hostinclude -DHOST -MM dumpsfs.c disk.c support.c |\
  awk '{x=$0~"^ ";for(i=1;i<=NF;i++){printf "%d %s\n",x,$i;x=1; }}'|\
  sed '/1 \\/d' | awk '{ printf "%s%s", $1?" \\\n ":"\n", $2 }' |\
  sed 's/\.o/\.ho/' |\
  sed 's|/home/u2/mrb0094/cs161/root|$(OSTREE)|;$p;$x' > .deptmp
mv -f .deptmp dependh.mk
make[3]: Leaving directory `/home/u2/mrb0094/cs161/src/sbin/dumpsfs'
make[2]: Leaving directory `/home/u2/mrb0094/cs161/src/sbin'
(cd testbin && make depend)
make[2]: Entering directory `/home/u2/mrb0094/cs161/src/testbin'
(cd add && make depend)
make[3]: Entering directory `/home/u2/mrb0094/cs161/src/testbin/add'
cs161-gcc  -nostdinc -I/home/u2/mrb0094/cs161/root/include  -mno-abicalls -fno-pic -Wall -W -Wwrite-strings -O2 -M add.c |\
  awk '{x=$0~"^ ";for(i=1;i<=NF;i++){printf "%d %s\n",x,$i;x=1; }}'|\
  sed '/1 \\/d' | awk '{ printf "%s%s", $1?" \\\n ":"\n", $2 }' |\
  sed 's|/home/u2/mrb0094/cs161/root|$(OSTREE)|;$p;$x' > .deptmp
mv -f .deptmp depend.mk
make[3]: Leaving directory `/home/u2/mrb0094/cs161/src/testbin/add'
(cd argtest && make depend)
make[3]: Entering directory `/home/u2/mrb0094/cs161/src/testbin/argtest'
cs161-gcc  -nostdinc -I/home/u2/mrb0094/cs161/root/include  -mno-abicalls -fno-pic -Wall -W -Wwrite-strings -O2 -M argtest.c |\
  awk '{x=$0~"^ ";for(i=1;i<=NF;i++){printf "%d %s\n",x,$i;x=1; }}'|\
  sed '/1 \\/d' | awk '{ printf "%s%s", $1?" \\\n ":"\n", $2 }' |\
  sed 's|/home/u2/mrb0094/cs161/root|$(OSTREE)|;$p;$x' > .deptmp
mv -f .deptmp depend.mk
make[3]: Leaving directory `/home/u2/mrb0094/cs161/src/testbin/argtest'
(cd badcall && make depend)
make[3]: Entering directory `/home/u2/mrb0094/cs161/src/testbin/badcall'
cs161-gcc  -nostdinc -I/home/u2/mrb0094/cs161/root/include  -mno-abicalls -fno-pic -Wall -W -Wwrite-strings -O2 -M bad_execv.c bad_waitpid.c bad_open.c bad_read.c bad_write.c bad_close.c bad_reboot.c bad_sbrk.c bad_ioctl.c bad_lseek.c bad_fsync.c bad_ftruncate.c bad_stat.c bad_remove.c bad_rename.c bad_link.c bad_mkdir.c bad_rmdir.c bad_chdir.c bad_getdirentry.c bad_symlink.c bad_readlink.c bad_dup2.c bad_pipe.c bad_time.c bad_getcwd.c common_buf.c common_fds.c common_path.c driver.c |\
  awk '{x=$0~"^ ";for(i=1;i<=NF;i++){printf "%d %s\n",x,$i;x=1; }}'|\
  sed '/1 \\/d' | awk '{ printf "%s%s", $1?" \\\n ":"\n", $2 }' |\
  sed 's|/home/u2/mrb0094/cs161/root|$(OSTREE)|;$p;$x' > .deptmp
mv -f .deptmp depend.mk
make[3]: Leaving directory `/home/u2/mrb0094/cs161/src/testbin/badcall'
(cd bigfile && make depend)
make[3]: Entering directory `/home/u2/mrb0094/cs161/src/testbin/bigfile'
cs161-gcc  -nostdinc -I/home/u2/mrb0094/cs161/root/include  -mno-abicalls -fno-pic -Wall -W -Wwrite-strings -O2 -M bigfile.c |\
  awk '{x=$0~"^ ";for(i=1;i<=NF;i++){printf "%d %s\n",x,$i;x=1; }}'|\
  sed '/1 \\/d' | awk '{ printf "%s%s", $1?" \\\n ":"\n", $2 }' |\
  sed 's|/home/u2/mrb0094/cs161/root|$(OSTREE)|;$p;$x' > .deptmp
mv -f .deptmp depend.mk
make[3]: Leaving directory `/home/u2/mrb0094/cs161/src/testbin/bigfile'
(cd conman && make depend)
make[3]: Entering directory `/home/u2/mrb0094/cs161/src/testbin/conman'
cs161-gcc  -nostdinc -I/home/u2/mrb0094/cs161/root/include  -mno-abicalls -fno-pic -Wall -W -Wwrite-strings -O2 -M conman.c |\
  awk '{x=$0~"^ ";for(i=1;i<=NF;i++){printf "%d %s\n",x,$i;x=1; }}'|\
  sed '/1 \\/d' | awk '{ printf "%s%s", $1?" \\\n ":"\n", $2 }' |\
  sed 's|/home/u2/mrb0094/cs161/root|$(OSTREE)|;$p;$x' > .deptmp
mv -f .deptmp depend.mk
make[3]: Leaving directory `/home/u2/mrb0094/cs161/src/testbin/conman'
(cd crash && make depend)
make[3]: Entering directory `/home/u2/mrb0094/cs161/src/testbin/crash'
cs161-gcc  -nostdinc -I/home/u2/mrb0094/cs161/root/include  -mno-abicalls -fno-pic -Wall -W -Wwrite-strings -O2 -M crash.c |\
  awk '{x=$0~"^ ";for(i=1;i<=NF;i++){printf "%d %s\n",x,$i;x=1; }}'|\
  sed '/1 \\/d' | awk '{ printf "%s%s", $1?" \\\n ":"\n", $2 }' |\
  sed 's|/home/u2/mrb0094/cs161/root|$(OSTREE)|;$p;$x' > .deptmp
mv -f .deptmp depend.mk
make[3]: Leaving directory `/home/u2/mrb0094/cs161/src/testbin/crash'
(cd ctest && make depend)
make[3]: Entering directory `/home/u2/mrb0094/cs161/src/testbin/ctest'
cs161-gcc  -nostdinc -I/home/u2/mrb0094/cs161/root/include  -mno-abicalls -fno-pic -Wall -W -Wwrite-strings -O2 -M ctest.c |\
  awk '{x=$0~"^ ";for(i=1;i<=NF;i++){printf "%d %s\n",x,$i;x=1; }}'|\
  sed '/1 \\/d' | awk '{ printf "%s%s", $1?" \\\n ":"\n", $2 }' |\
  sed 's|/home/u2/mrb0094/cs161/root|$(OSTREE)|;$p;$x' > .deptmp
mv -f .deptmp depend.mk
make[3]: Leaving directory `/home/u2/mrb0094/cs161/src/testbin/ctest'
(cd dirconc && make depend)
make[3]: Entering directory `/home/u2/mrb0094/cs161/src/testbin/dirconc'
cs161-gcc  -nostdinc -I/home/u2/mrb0094/cs161/root/include  -mno-abicalls -fno-pic -Wall -W -Wwrite-strings -O2 -M dirconc.c |\
  awk '{x=$0~"^ ";for(i=1;i<=NF;i++){printf "%d %s\n",x,$i;x=1; }}'|\
  sed '/1 \\/d' | awk '{ printf "%s%s", $1?" \\\n ":"\n", $2 }' |\
  sed 's|/home/u2/mrb0094/cs161/root|$(OSTREE)|;$p;$x' > .deptmp
mv -f .deptmp depend.mk
make[3]: Leaving directory `/home/u2/mrb0094/cs161/src/testbin/dirconc'
(cd dirseek && make depend)
make[3]: Entering directory `/home/u2/mrb0094/cs161/src/testbin/dirseek'
cs161-gcc  -nostdinc -I/home/u2/mrb0094/cs161/root/include  -mno-abicalls -fno-pic -Wall -W -Wwrite-strings -O2 -M dirseek.c |\
  awk '{x=$0~"^ ";for(i=1;i<=NF;i++){printf "%d %s\n",x,$i;x=1; }}'|\
  sed '/1 \\/d' | awk '{ printf "%s%s", $1?" \\\n ":"\n", $2 }' |\
  sed 's|/home/u2/mrb0094/cs161/root|$(OSTREE)|;$p;$x' > .deptmp
mv -f .deptmp depend.mk
make[3]: Leaving directory `/home/u2/mrb0094/cs161/src/testbin/dirseek'
(cd dirtest && make depend)
make[3]: Entering directory `/home/u2/mrb0094/cs161/src/testbin/dirtest'
cs161-gcc  -nostdinc -I/home/u2/mrb0094/cs161/root/include  -mno-abicalls -fno-pic -Wall -W -Wwrite-strings -O2 -M dirtest.c |\
  awk '{x=$0~"^ ";for(i=1;i<=NF;i++){printf "%d %s\n",x,$i;x=1; }}'|\
  sed '/1 \\/d' | awk '{ printf "%s%s", $1?" \\\n ":"\n", $2 }' |\
  sed 's|/home/u2/mrb0094/cs161/root|$(OSTREE)|;$p;$x' > .deptmp
mv -f .deptmp depend.mk
make[3]: Leaving directory `/home/u2/mrb0094/cs161/src/testbin/dirtest'
(cd f_test && make depend)
make[3]: Entering directory `/home/u2/mrb0094/cs161/src/testbin/f_test'
cs161-gcc  -nostdinc -I/home/u2/mrb0094/cs161/root/include  -mno-abicalls -fno-pic -Wall -W -Wwrite-strings -O2 -M f_test.c f_read.c f_write.c |\
  awk '{x=$0~"^ ";for(i=1;i<=NF;i++){printf "%d %s\n",x,$i;x=1; }}'|\
  sed '/1 \\/d' | awk '{ printf "%s%s", $1?" \\\n ":"\n", $2 }' |\
  sed 's|/home/u2/mrb0094/cs161/root|$(OSTREE)|;$p;$x' > .deptmp
mv -f .deptmp depend.mk
make[3]: Leaving directory `/home/u2/mrb0094/cs161/src/testbin/f_test'
(cd farm && make depend)
make[3]: Entering directory `/home/u2/mrb0094/cs161/src/testbin/farm'
cs161-gcc  -nostdinc -I/home/u2/mrb0094/cs161/root/include  -mno-abicalls -fno-pic -Wall -W -Wwrite-strings -O2 -M farm.c |\
  awk '{x=$0~"^ ";for(i=1;i<=NF;i++){printf "%d %s\n",x,$i;x=1; }}'|\
  sed '/1 \\/d' | awk '{ printf "%s%s", $1?" \\\n ":"\n", $2 }' |\
  sed 's|/home/u2/mrb0094/cs161/root|$(OSTREE)|;$p;$x' > .deptmp
mv -f .deptmp depend.mk
make[3]: Leaving directory `/home/u2/mrb0094/cs161/src/testbin/farm'
(cd faulter && make depend)
make[3]: Entering directory `/home/u2/mrb0094/cs161/src/testbin/faulter'
cs161-gcc  -nostdinc -I/home/u2/mrb0094/cs161/root/include  -mno-abicalls -fno-pic -Wall -W -Wwrite-strings -O2 -M faulter.c |\
  awk '{x=$0~"^ ";for(i=1;i<=NF;i++){printf "%d %s\n",x,$i;x=1; }}'|\
  sed '/1 \\/d' | awk '{ printf "%s%s", $1?" \\\n ":"\n", $2 }' |\
  sed 's|/home/u2/mrb0094/cs161/root|$(OSTREE)|;$p;$x' > .deptmp
mv -f .deptmp depend.mk
make[3]: Leaving directory `/home/u2/mrb0094/cs161/src/testbin/faulter'
(cd filetest && make depend)
make[3]: Entering directory `/home/u2/mrb0094/cs161/src/testbin/filetest'
cs161-gcc  -nostdinc -I/home/u2/mrb0094/cs161/root/include  -mno-abicalls -fno-pic -Wall -W -Wwrite-strings -O2 -M filetest.c |\
  awk '{x=$0~"^ ";for(i=1;i<=NF;i++){printf "%d %s\n",x,$i;x=1; }}'|\
  sed '/1 \\/d' | awk '{ printf "%s%s", $1?" \\\n ":"\n", $2 }' |\
  sed 's|/home/u2/mrb0094/cs161/root|$(OSTREE)|;$p;$x' > .deptmp
mv -f .deptmp depend.mk
make[3]: Leaving directory `/home/u2/mrb0094/cs161/src/testbin/filetest'
(cd forkbomb && make depend)
make[3]: Entering directory `/home/u2/mrb0094/cs161/src/testbin/forkbomb'
cs161-gcc  -nostdinc -I/home/u2/mrb0094/cs161/root/include  -mno-abicalls -fno-pic -Wall -W -Wwrite-strings -O2 -M forkbomb.c |\
  awk '{x=$0~"^ ";for(i=1;i<=NF;i++){printf "%d %s\n",x,$i;x=1; }}'|\
  sed '/1 \\/d' | awk '{ printf "%s%s", $1?" \\\n ":"\n", $2 }' |\
  sed 's|/home/u2/mrb0094/cs161/root|$(OSTREE)|;$p;$x' > .deptmp
mv -f .deptmp depend.mk
make[3]: Leaving directory `/home/u2/mrb0094/cs161/src/testbin/forkbomb'
(cd forktest && make depend)
make[3]: Entering directory `/home/u2/mrb0094/cs161/src/testbin/forktest'
cs161-gcc  -nostdinc -I/home/u2/mrb0094/cs161/root/include  -mno-abicalls -fno-pic -Wall -W -Wwrite-strings -O2 -M forktest.c |\
  awk '{x=$0~"^ ";for(i=1;i<=NF;i++){printf "%d %s\n",x,$i;x=1; }}'|\
  sed '/1 \\/d' | awk '{ printf "%s%s", $1?" \\\n ":"\n", $2 }' |\
  sed 's|/home/u2/mrb0094/cs161/root|$(OSTREE)|;$p;$x' > .deptmp
mv -f .deptmp depend.mk
make[3]: Leaving directory `/home/u2/mrb0094/cs161/src/testbin/forktest'
(cd guzzle && make depend)
make[3]: Entering directory `/home/u2/mrb0094/cs161/src/testbin/guzzle'
cs161-gcc  -nostdinc -I/home/u2/mrb0094/cs161/root/include  -mno-abicalls -fno-pic -Wall -W -Wwrite-strings -O2 -M guzzle.c |\
  awk '{x=$0~"^ ";for(i=1;i<=NF;i++){printf "%d %s\n",x,$i;x=1; }}'|\
  sed '/1 \\/d' | awk '{ printf "%s%s", $1?" \\\n ":"\n", $2 }' |\
  sed 's|/home/u2/mrb0094/cs161/root|$(OSTREE)|;$p;$x' > .deptmp
mv -f .deptmp depend.mk
make[3]: Leaving directory `/home/u2/mrb0094/cs161/src/testbin/guzzle'
(cd hash && make depend)
make[3]: Entering directory `/home/u2/mrb0094/cs161/src/testbin/hash'
cs161-gcc  -nostdinc -I/home/u2/mrb0094/cs161/root/include  -mno-abicalls -fno-pic -Wall -W -Wwrite-strings -O2 -M hash.c |\
  awk '{x=$0~"^ ";for(i=1;i<=NF;i++){printf "%d %s\n",x,$i;x=1; }}'|\
  sed '/1 \\/d' | awk '{ printf "%s%s", $1?" \\\n ":"\n", $2 }' |\
  sed 's|/home/u2/mrb0094/cs161/root|$(OSTREE)|;$p;$x' > .deptmp
mv -f .deptmp depend.mk
gcc  -Wall -W -Wwrite-strings -O2 -I/home/u2/mrb0094/cs161/root/hostinclude -DHOST -MM hash.c |\
  awk '{x=$0~"^ ";for(i=1;i<=NF;i++){printf "%d %s\n",x,$i;x=1; }}'|\
  sed '/1 \\/d' | awk '{ printf "%s%s", $1?" \\\n ":"\n", $2 }' |\
  sed 's/\.o/\.ho/' |\
  sed 's|/home/u2/mrb0094/cs161/root|$(OSTREE)|;$p;$x' > .deptmp
mv -f .deptmp dependh.mk
make[3]: Leaving directory `/home/u2/mrb0094/cs161/src/testbin/hash'
(cd hog && make depend)
make[3]: Entering directory `/home/u2/mrb0094/cs161/src/testbin/hog'
cs161-gcc  -nostdinc -I/home/u2/mrb0094/cs161/root/include  -mno-abicalls -fno-pic -Wall -W -Wwrite-strings -O2 -M hog.c |\
  awk '{x=$0~"^ ";for(i=1;i<=NF;i++){printf "%d %s\n",x,$i;x=1; }}'|\
  sed '/1 \\/d' | awk '{ printf "%s%s", $1?" \\\n ":"\n", $2 }' |\
  sed 's|/home/u2/mrb0094/cs161/root|$(OSTREE)|;$p;$x' > .deptmp
mv -f .deptmp depend.mk
make[3]: Leaving directory `/home/u2/mrb0094/cs161/src/testbin/hog'
(cd huge && make depend)
make[3]: Entering directory `/home/u2/mrb0094/cs161/src/testbin/huge'
cs161-gcc  -nostdinc -I/home/u2/mrb0094/cs161/root/include  -mno-abicalls -fno-pic -Wall -W -Wwrite-strings -O2 -M huge.c |\
  awk '{x=$0~"^ ";for(i=1;i<=NF;i++){printf "%d %s\n",x,$i;x=1; }}'|\
  sed '/1 \\/d' | awk '{ printf "%s%s", $1?" \\\n ":"\n", $2 }' |\
  sed 's|/home/u2/mrb0094/cs161/root|$(OSTREE)|;$p;$x' > .deptmp
mv -f .deptmp depend.mk
make[3]: Leaving directory `/home/u2/mrb0094/cs161/src/testbin/huge'
(cd kitchen && make depend)
make[3]: Entering directory `/home/u2/mrb0094/cs161/src/testbin/kitchen'
cs161-gcc  -nostdinc -I/home/u2/mrb0094/cs161/root/include  -mno-abicalls -fno-pic -Wall -W -Wwrite-strings -O2 -M kitchen.c |\
  awk '{x=$0~"^ ";for(i=1;i<=NF;i++){printf "%d %s\n",x,$i;x=1; }}'|\
  sed '/1 \\/d' | awk '{ printf "%s%s", $1?" \\\n ":"\n", $2 }' |\
  sed 's|/home/u2/mrb0094/cs161/root|$(OSTREE)|;$p;$x' > .deptmp
mv -f .deptmp depend.mk
make[3]: Leaving directory `/home/u2/mrb0094/cs161/src/testbin/kitchen'
(cd matmult && make depend)
make[3]: Entering directory `/home/u2/mrb0094/cs161/src/testbin/matmult'
cs161-gcc  -nostdinc -I/home/u2/mrb0094/cs161/root/include  -mno-abicalls -fno-pic -Wall -W -Wwrite-strings -O2 -M matmult.c |\
  awk '{x=$0~"^ ";for(i=1;i<=NF;i++){printf "%d %s\n",x,$i;x=1; }}'|\
  sed '/1 \\/d' | awk '{ printf "%s%s", $1?" \\\n ":"\n", $2 }' |\
  sed 's|/home/u2/mrb0094/cs161/root|$(OSTREE)|;$p;$x' > .deptmp
mv -f .deptmp depend.mk
make[3]: Leaving directory `/home/u2/mrb0094/cs161/src/testbin/matmult'
(cd palin && make depend)
make[3]: Entering directory `/home/u2/mrb0094/cs161/src/testbin/palin'
cs161-gcc  -nostdinc -I/home/u2/mrb0094/cs161/root/include  -mno-abicalls -fno-pic -Wall -W -Wwrite-strings -O2 -M palin.c |\
  awk '{x=$0~"^ ";for(i=1;i<=NF;i++){printf "%d %s\n",x,$i;x=1; }}'|\
  sed '/1 \\/d' | awk '{ printf "%s%s", $1?" \\\n ":"\n", $2 }' |\
  sed 's|/home/u2/mrb0094/cs161/root|$(OSTREE)|;$p;$x' > .deptmp
mv -f .deptmp depend.mk
make[3]: Leaving directory `/home/u2/mrb0094/cs161/src/testbin/palin'
(cd parallelvm && make depend)
make[3]: Entering directory `/home/u2/mrb0094/cs161/src/testbin/parallelvm'
cs161-gcc  -nostdinc -I/home/u2/mrb0094/cs161/root/include  -mno-abicalls -fno-pic -Wall -W -Wwrite-strings -O2 -M parallelvm.c |\
  awk '{x=$0~"^ ";for(i=1;i<=NF;i++){printf "%d %s\n",x,$i;x=1; }}'|\
  sed '/1 \\/d' | awk '{ printf "%s%s", $1?" \\\n ":"\n", $2 }' |\
  sed 's|/home/u2/mrb0094/cs161/root|$(OSTREE)|;$p;$x' > .deptmp
mv -f .deptmp depend.mk
make[3]: Leaving directory `/home/u2/mrb0094/cs161/src/testbin/parallelvm'
(cd randcall && make depend)
make[3]: Entering directory `/home/u2/mrb0094/cs161/src/testbin/randcall'
make calls.c
make[4]: Entering directory `/home/u2/mrb0094/cs161/src/testbin/randcall'
make[4]: `calls.c' is up to date.
make[4]: Leaving directory `/home/u2/mrb0094/cs161/src/testbin/randcall'
cs161-gcc  -nostdinc -I/home/u2/mrb0094/cs161/root/include  -mno-abicalls -fno-pic -Wall -W -Wwrite-strings -O2 -M calls.c main.c |\
  awk '{x=$0~"^ ";for(i=1;i<=NF;i++){printf "%d %s\n",x,$i;x=1; }}'|\
  sed '/1 \\/d' | awk '{ printf "%s%s", $1?" \\\n ":"\n", $2 }' |\
  sed 's|/home/u2/mrb0094/cs161/root|$(OSTREE)|;$p;$x' > .deptmp
mv -f .deptmp depend.mk
make[3]: Leaving directory `/home/u2/mrb0094/cs161/src/testbin/randcall'
(cd rmdirtest && make depend)
make[3]: Entering directory `/home/u2/mrb0094/cs161/src/testbin/rmdirtest'
cs161-gcc  -nostdinc -I/home/u2/mrb0094/cs161/root/include  -mno-abicalls -fno-pic -Wall -W -Wwrite-strings -O2 -M rmdirtest.c |\
  awk '{x=$0~"^ ";for(i=1;i<=NF;i++){printf "%d %s\n",x,$i;x=1; }}'|\
  sed '/1 \\/d' | awk '{ printf "%s%s", $1?" \\\n ":"\n", $2 }' |\
  sed 's|/home/u2/mrb0094/cs161/root|$(OSTREE)|;$p;$x' > .deptmp
mv -f .deptmp depend.mk
make[3]: Leaving directory `/home/u2/mrb0094/cs161/src/testbin/rmdirtest'
(cd rmtest && make depend)
make[3]: Entering directory `/home/u2/mrb0094/cs161/src/testbin/rmtest'
cs161-gcc  -nostdinc -I/home/u2/mrb0094/cs161/root/include  -mno-abicalls -fno-pic -Wall -W -Wwrite-strings -O2 -M rmtest.c |\
  awk '{x=$0~"^ ";for(i=1;i<=NF;i++){printf "%d %s\n",x,$i;x=1; }}'|\
  sed '/1 \\/d' | awk '{ printf "%s%s", $1?" \\\n ":"\n", $2 }' |\
  sed 's|/home/u2/mrb0094/cs161/root|$(OSTREE)|;$p;$x' > .deptmp
mv -f .deptmp depend.mk
make[3]: Leaving directory `/home/u2/mrb0094/cs161/src/testbin/rmtest'
(cd sink && make depend)
make[3]: Entering directory `/home/u2/mrb0094/cs161/src/testbin/sink'
cs161-gcc  -nostdinc -I/home/u2/mrb0094/cs161/root/include  -mno-abicalls -fno-pic -Wall -W -Wwrite-strings -O2 -M sink.c |\
  awk '{x=$0~"^ ";for(i=1;i<=NF;i++){printf "%d %s\n",x,$i;x=1; }}'|\
  sed '/1 \\/d' | awk '{ printf "%s%s", $1?" \\\n ":"\n", $2 }' |\
  sed 's|/home/u2/mrb0094/cs161/root|$(OSTREE)|;$p;$x' > .deptmp
mv -f .deptmp depend.mk
make[3]: Leaving directory `/home/u2/mrb0094/cs161/src/testbin/sink'
(cd sort && make depend)
make[3]: Entering directory `/home/u2/mrb0094/cs161/src/testbin/sort'
cs161-gcc  -nostdinc -I/home/u2/mrb0094/cs161/root/include  -mno-abicalls -fno-pic -Wall -W -Wwrite-strings -O2 -M sort.c |\
  awk '{x=$0~"^ ";for(i=1;i<=NF;i++){printf "%d %s\n",x,$i;x=1; }}'|\
  sed '/1 \\/d' | awk '{ printf "%s%s", $1?" \\\n ":"\n", $2 }' |\
  sed 's|/home/u2/mrb0094/cs161/root|$(OSTREE)|;$p;$x' > .deptmp
mv -f .deptmp depend.mk
make[3]: Leaving directory `/home/u2/mrb0094/cs161/src/testbin/sort'
(cd sty && make depend)
make[3]: Entering directory `/home/u2/mrb0094/cs161/src/testbin/sty'
cs161-gcc  -nostdinc -I/home/u2/mrb0094/cs161/root/include  -mno-abicalls -fno-pic -Wall -W -Wwrite-strings -O2 -M sty.c |\
  awk '{x=$0~"^ ";for(i=1;i<=NF;i++){printf "%d %s\n",x,$i;x=1; }}'|\
  sed '/1 \\/d' | awk '{ printf "%s%s", $1?" \\\n ":"\n", $2 }' |\
  sed 's|/home/u2/mrb0094/cs161/root|$(OSTREE)|;$p;$x' > .deptmp
mv -f .deptmp depend.mk
make[3]: Leaving directory `/home/u2/mrb0094/cs161/src/testbin/sty'
(cd tail && make depend)
make[3]: Entering directory `/home/u2/mrb0094/cs161/src/testbin/tail'
cs161-gcc  -nostdinc -I/home/u2/mrb0094/cs161/root/include  -mno-abicalls -fno-pic -Wall -W -Wwrite-strings -O2 -M tail.c |\
  awk '{x=$0~"^ ";for(i=1;i<=NF;i++){printf "%d %s\n",x,$i;x=1; }}'|\
  sed '/1 \\/d' | awk '{ printf "%s%s", $1?" \\\n ":"\n", $2 }' |\
  sed 's|/home/u2/mrb0094/cs161/root|$(OSTREE)|;$p;$x' > .deptmp
mv -f .deptmp depend.mk
make[3]: Leaving directory `/home/u2/mrb0094/cs161/src/testbin/tail'
(cd tictac && make depend)
make[3]: Entering directory `/home/u2/mrb0094/cs161/src/testbin/tictac'
cs161-gcc  -nostdinc -I/home/u2/mrb0094/cs161/root/include  -mno-abicalls -fno-pic -Wall -W -Wwrite-strings -O2 -M tictac.c |\
  awk '{x=$0~"^ ";for(i=1;i<=NF;i++){printf "%d %s\n",x,$i;x=1; }}'|\
  sed '/1 \\/d' | awk '{ printf "%s%s", $1?" \\\n ":"\n", $2 }' |\
  sed 's|/home/u2/mrb0094/cs161/root|$(OSTREE)|;$p;$x' > .deptmp
mv -f .deptmp depend.mk
make[3]: Leaving directory `/home/u2/mrb0094/cs161/src/testbin/tictac'
(cd triplehuge && make depend)
make[3]: Entering directory `/home/u2/mrb0094/cs161/src/testbin/triplehuge'
cs161-gcc  -nostdinc -I/home/u2/mrb0094/cs161/root/include  -mno-abicalls -fno-pic -Wall -W -Wwrite-strings -O2 -M triplehuge.c triple.c |\
  awk '{x=$0~"^ ";for(i=1;i<=NF;i++){printf "%d %s\n",x,$i;x=1; }}'|\
  sed '/1 \\/d' | awk '{ printf "%s%s", $1?" \\\n ":"\n", $2 }' |\
  sed 's|/home/u2/mrb0094/cs161/root|$(OSTREE)|;$p;$x' > .deptmp
mv -f .deptmp depend.mk
make[3]: Leaving directory `/home/u2/mrb0094/cs161/src/testbin/triplehuge'
(cd triplemat && make depend)
make[3]: Entering directory `/home/u2/mrb0094/cs161/src/testbin/triplemat'
cs161-gcc  -nostdinc -I/home/u2/mrb0094/cs161/root/include  -mno-abicalls -fno-pic -Wall -W -Wwrite-strings -O2 -M triplemat.c triple.c |\
  awk '{x=$0~"^ ";for(i=1;i<=NF;i++){printf "%d %s\n",x,$i;x=1; }}'|\
  sed '/1 \\/d' | awk '{ printf "%s%s", $1?" \\\n ":"\n", $2 }' |\
  sed 's|/home/u2/mrb0094/cs161/root|$(OSTREE)|;$p;$x' > .deptmp
mv -f .deptmp depend.mk
make[3]: Leaving directory `/home/u2/mrb0094/cs161/src/testbin/triplemat'
(cd triplesort && make depend)
make[3]: Entering directory `/home/u2/mrb0094/cs161/src/testbin/triplesort'
cs161-gcc  -nostdinc -I/home/u2/mrb0094/cs161/root/include  -mno-abicalls -fno-pic -Wall -W -Wwrite-strings -O2 -M triplesort.c triple.c |\
  awk '{x=$0~"^ ";for(i=1;i<=NF;i++){printf "%d %s\n",x,$i;x=1; }}'|\
  sed '/1 \\/d' | awk '{ printf "%s%s", $1?" \\\n ":"\n", $2 }' |\
  sed 's|/home/u2/mrb0094/cs161/root|$(OSTREE)|;$p;$x' > .deptmp
mv -f .deptmp depend.mk
make[3]: Leaving directory `/home/u2/mrb0094/cs161/src/testbin/triplesort'
make[2]: Leaving directory `/home/u2/mrb0094/cs161/src/testbin'
(cd man && make depend)
make[2]: Entering directory `/home/u2/mrb0094/cs161/src/man'
(cd toplevel && make depend)
make[3]: Entering directory `/home/u2/mrb0094/cs161/src/man/toplevel'
make[3]: Nothing to be done for `depend'.
make[3]: Leaving directory `/home/u2/mrb0094/cs161/src/man/toplevel'
(cd bin && make depend)
make[3]: Entering directory `/home/u2/mrb0094/cs161/src/man/bin'
make[3]: Nothing to be done for `depend'.
make[3]: Leaving directory `/home/u2/mrb0094/cs161/src/man/bin'
(cd sbin && make depend)
make[3]: Entering directory `/home/u2/mrb0094/cs161/src/man/sbin'
make[3]: Nothing to be done for `depend'.
make[3]: Leaving directory `/home/u2/mrb0094/cs161/src/man/sbin'
(cd testbin && make depend)
make[3]: Entering directory `/home/u2/mrb0094/cs161/src/man/testbin'
make[3]: Nothing to be done for `depend'.
make[3]: Leaving directory `/home/u2/mrb0094/cs161/src/man/testbin'
(cd libc && make depend)
make[3]: Entering directory `/home/u2/mrb0094/cs161/src/man/libc'
make[3]: Nothing to be done for `depend'.
make[3]: Leaving directory `/home/u2/mrb0094/cs161/src/man/libc'
(cd syscall && make depend)
make[3]: Entering directory `/home/u2/mrb0094/cs161/src/man/syscall'
make[3]: Nothing to be done for `depend'.
make[3]: Leaving directory `/home/u2/mrb0094/cs161/src/man/syscall'
(cd dev && make depend)
make[3]: Entering directory `/home/u2/mrb0094/cs161/src/man/dev'
make[3]: Nothing to be done for `depend'.
make[3]: Leaving directory `/home/u2/mrb0094/cs161/src/man/dev'
(cd misc && make depend)
make[3]: Entering directory `/home/u2/mrb0094/cs161/src/man/misc'
make[3]: Nothing to be done for `depend'.
make[3]: Leaving directory `/home/u2/mrb0094/cs161/src/man/misc'
make[2]: Leaving directory `/home/u2/mrb0094/cs161/src/man'
(cd kern && make depend)
make[2]: Entering directory `/home/u2/mrb0094/cs161/src/kern'
make[2]: Nothing to be done for `depend'.
make[2]: Leaving directory `/home/u2/mrb0094/cs161/src/kern'
make[1]: Leaving directory `/home/u2/mrb0094/cs161/src'
make compile
make[1]: Entering directory `/home/u2/mrb0094/cs161/src'
(cd lib && make)
make[2]: Entering directory `/home/u2/mrb0094/cs161/src/lib'
(cd crt0 && make all)
make[3]: Entering directory `/home/u2/mrb0094/cs161/src/lib/crt0'
cs161-gcc  -nostdinc -I/home/u2/mrb0094/cs161/root/include  -mno-abicalls -fno-pic -Wall -W -Wwrite-strings -O2 -c mips-crt0.S -o crt0.o
make[3]: Leaving directory `/home/u2/mrb0094/cs161/src/lib/crt0'
(cd libc && make all)
make[3]: Entering directory `/home/u2/mrb0094/cs161/src/lib/libc'
cs161-gcc  -nostdinc -I/home/u2/mrb0094/cs161/root/include  -mno-abicalls -fno-pic -Wall -W -Wwrite-strings -O2 -c mips-setjmp.S
cs161-gcc  -nostdinc -I/home/u2/mrb0094/cs161/root/include  -mno-abicalls -fno-pic -Wall -W -Wwrite-strings -O2 -c syscalls.S
cs161-ar -cruv libc.a __printf.o snprintf.o printf.o atoi.o bzero.o memcmp.o memcpy.o memmove.o memset.o strcat.o strchr.o strcmp.o strcpy.o strlen.o strrchr.o strtok.o strtok_r.o __assert.o __puts.o err.o getchar.o putchar.o puts.o abort.o errno.o exit.o getcwd.o random.o strerror.o system.o time.o mips-setjmp.o syscalls.o
r - mips-setjmp.o
r - syscalls.o
cs161-ranlib libc.a
make[3]: Leaving directory `/home/u2/mrb0094/cs161/src/lib/libc'
(cd hostcompat && make all)
make[3]: Entering directory `/home/u2/mrb0094/cs161/src/lib/hostcompat'
make[3]: Nothing to be done for `all'.
make[3]: Leaving directory `/home/u2/mrb0094/cs161/src/lib/hostcompat'
make[2]: Leaving directory `/home/u2/mrb0094/cs161/src/lib'
(cd lib && make install)
make[2]: Entering directory `/home/u2/mrb0094/cs161/src/lib'
(cd crt0 && make install)
make[3]: Entering directory `/home/u2/mrb0094/cs161/src/lib/crt0'
[ -d /home/u2/mrb0094/cs161/root/lib ] || mkdir /home/u2/mrb0094/cs161/root/lib
cp crt0.o /home/u2/mrb0094/cs161/root/lib
make[3]: Leaving directory `/home/u2/mrb0094/cs161/src/lib/crt0'
(cd libc && make install)
make[3]: Entering directory `/home/u2/mrb0094/cs161/src/lib/libc'
[ -d /home/u2/mrb0094/cs161/root/lib ] || mkdir /home/u2/mrb0094/cs161/root/lib
cp libc.a /home/u2/mrb0094/cs161/root/lib
make[3]: Leaving directory `/home/u2/mrb0094/cs161/src/lib/libc'
(cd hostcompat && make install)
make[3]: Entering directory `/home/u2/mrb0094/cs161/src/lib/hostcompat'
[ -d /home/u2/mrb0094/cs161/root/hostlib ] || mkdir /home/u2/mrb0094/cs161/root/hostlib
cp libhostcompat.ha /home/u2/mrb0094/cs161/root/hostlib/libhostcompat.a
ranlib /home/u2/mrb0094/cs161/root/hostlib/libhostcompat.a
make[3]: Leaving directory `/home/u2/mrb0094/cs161/src/lib/hostcompat'
make[2]: Leaving directory `/home/u2/mrb0094/cs161/src/lib'
(cd bin && make)
make[2]: Entering directory `/home/u2/mrb0094/cs161/src/bin'
(cd true && make all)
make[3]: Entering directory `/home/u2/mrb0094/cs161/src/bin/true'
cs161-gcc -nostdlib -L/home/u2/mrb0094/cs161/root/lib /home/u2/mrb0094/cs161/root/lib/crt0.o   true.o   -lc \
   -o true
make[3]: Leaving directory `/home/u2/mrb0094/cs161/src/bin/true'
(cd false && make all)
make[3]: Entering directory `/home/u2/mrb0094/cs161/src/bin/false'
cs161-gcc -nostdlib -L/home/u2/mrb0094/cs161/root/lib /home/u2/mrb0094/cs161/root/lib/crt0.o   false.o   -lc \
   -o false
make[3]: Leaving directory `/home/u2/mrb0094/cs161/src/bin/false'
(cd sync && make all)
make[3]: Entering directory `/home/u2/mrb0094/cs161/src/bin/sync'
cs161-gcc -nostdlib -L/home/u2/mrb0094/cs161/root/lib /home/u2/mrb0094/cs161/root/lib/crt0.o   sync.o   -lc \
   -o sync
make[3]: Leaving directory `/home/u2/mrb0094/cs161/src/bin/sync'
(cd mkdir && make all)
make[3]: Entering directory `/home/u2/mrb0094/cs161/src/bin/mkdir'
cs161-gcc -nostdlib -L/home/u2/mrb0094/cs161/root/lib /home/u2/mrb0094/cs161/root/lib/crt0.o   mkdir.o   -lc \
   -o mkdir
make[3]: Leaving directory `/home/u2/mrb0094/cs161/src/bin/mkdir'
(cd rmdir && make all)
make[3]: Entering directory `/home/u2/mrb0094/cs161/src/bin/rmdir'
cs161-gcc -nostdlib -L/home/u2/mrb0094/cs161/root/lib /home/u2/mrb0094/cs161/root/lib/crt0.o   rmdir.o   -lc \
   -o rmdir
make[3]: Leaving directory `/home/u2/mrb0094/cs161/src/bin/rmdir'
(cd pwd && make all)
make[3]: Entering directory `/home/u2/mrb0094/cs161/src/bin/pwd'
cs161-gcc -nostdlib -L/home/u2/mrb0094/cs161/root/lib /home/u2/mrb0094/cs161/root/lib/crt0.o   pwd.o   -lc \
   -o pwd
make[3]: Leaving directory `/home/u2/mrb0094/cs161/src/bin/pwd'
(cd cat && make all)
make[3]: Entering directory `/home/u2/mrb0094/cs161/src/bin/cat'
cs161-gcc -nostdlib -L/home/u2/mrb0094/cs161/root/lib /home/u2/mrb0094/cs161/root/lib/crt0.o   cat.o   -lc \
   -o cat
make[3]: Leaving directory `/home/u2/mrb0094/cs161/src/bin/cat'
(cd cp && make all)
make[3]: Entering directory `/home/u2/mrb0094/cs161/src/bin/cp'
cs161-gcc -nostdlib -L/home/u2/mrb0094/cs161/root/lib /home/u2/mrb0094/cs161/root/lib/crt0.o   cp.o   -lc \
   -o cp
make[3]: Leaving directory `/home/u2/mrb0094/cs161/src/bin/cp'
(cd ln && make all)
make[3]: Entering directory `/home/u2/mrb0094/cs161/src/bin/ln'
cs161-gcc -nostdlib -L/home/u2/mrb0094/cs161/root/lib /home/u2/mrb0094/cs161/root/lib/crt0.o   ln.o   -lc \
   -o ln
make[3]: Leaving directory `/home/u2/mrb0094/cs161/src/bin/ln'
(cd mv && make all)
make[3]: Entering directory `/home/u2/mrb0094/cs161/src/bin/mv'
cs161-gcc -nostdlib -L/home/u2/mrb0094/cs161/root/lib /home/u2/mrb0094/cs161/root/lib/crt0.o   mv.o   -lc \
   -o mv
make[3]: Leaving directory `/home/u2/mrb0094/cs161/src/bin/mv'
(cd rm && make all)
make[3]: Entering directory `/home/u2/mrb0094/cs161/src/bin/rm'
cs161-gcc -nostdlib -L/home/u2/mrb0094/cs161/root/lib /home/u2/mrb0094/cs161/root/lib/crt0.o   rm.o   -lc \
   -o rm
make[3]: Leaving directory `/home/u2/mrb0094/cs161/src/bin/rm'
(cd ls && make all)
make[3]: Entering directory `/home/u2/mrb0094/cs161/src/bin/ls'
cs161-gcc -nostdlib -L/home/u2/mrb0094/cs161/root/lib /home/u2/mrb0094/cs161/root/lib/crt0.o   ls.o   -lc \
   -o ls
make[3]: Leaving directory `/home/u2/mrb0094/cs161/src/bin/ls'
(cd sh && make all)
make[3]: Entering directory `/home/u2/mrb0094/cs161/src/bin/sh'
cs161-gcc -nostdlib -L/home/u2/mrb0094/cs161/root/lib /home/u2/mrb0094/cs161/root/lib/crt0.o   sh.o   -lc \
   -o sh
gcc  -Wall -W -Wwrite-strings -O2 -I/home/u2/mrb0094/cs161/root/hostinclude -DHOST -c sh.c -o sh.ho
gcc   sh.ho   \
  /home/u2/mrb0094/cs161/root/hostlib/libhostcompat.a -o host-sh
make[3]: Leaving directory `/home/u2/mrb0094/cs161/src/bin/sh'
make[2]: Leaving directory `/home/u2/mrb0094/cs161/src/bin'
(cd sbin && make)
make[2]: Entering directory `/home/u2/mrb0094/cs161/src/sbin'
(cd reboot && make all)
make[3]: Entering directory `/home/u2/mrb0094/cs161/src/sbin/reboot'
cs161-gcc -nostdlib -L/home/u2/mrb0094/cs161/root/lib /home/u2/mrb0094/cs161/root/lib/crt0.o   reboot.o   -lc \
   -o reboot
make[3]: Leaving directory `/home/u2/mrb0094/cs161/src/sbin/reboot'
(cd halt && make all)
make[3]: Entering directory `/home/u2/mrb0094/cs161/src/sbin/halt'
cs161-gcc -nostdlib -L/home/u2/mrb0094/cs161/root/lib /home/u2/mrb0094/cs161/root/lib/crt0.o   halt.o   -lc \
   -o halt
make[3]: Leaving directory `/home/u2/mrb0094/cs161/src/sbin/halt'
(cd poweroff && make all)
make[3]: Entering directory `/home/u2/mrb0094/cs161/src/sbin/poweroff'
cs161-gcc -nostdlib -L/home/u2/mrb0094/cs161/root/lib /home/u2/mrb0094/cs161/root/lib/crt0.o   poweroff.o   -lc \
   -o poweroff
make[3]: Leaving directory `/home/u2/mrb0094/cs161/src/sbin/poweroff'
(cd mksfs && make all)
make[3]: Entering directory `/home/u2/mrb0094/cs161/src/sbin/mksfs'
cs161-gcc -nostdlib -L/home/u2/mrb0094/cs161/root/lib /home/u2/mrb0094/cs161/root/lib/crt0.o   mksfs.o disk.o support.o   -lc \
   -o mksfs
gcc  -Wall -W -Wwrite-strings -O2 -I/home/u2/mrb0094/cs161/root/hostinclude -DHOST -c mksfs.c -o mksfs.ho
gcc   mksfs.ho disk.ho support.ho   \
  /home/u2/mrb0094/cs161/root/hostlib/libhostcompat.a -o host-mksfs
make[3]: Leaving directory `/home/u2/mrb0094/cs161/src/sbin/mksfs'
(cd dumpsfs && make all)
make[3]: Entering directory `/home/u2/mrb0094/cs161/src/sbin/dumpsfs'
cs161-gcc -nostdlib -L/home/u2/mrb0094/cs161/root/lib /home/u2/mrb0094/cs161/root/lib/crt0.o   dumpsfs.o disk.o support.o   -lc \
   -o dumpsfs
gcc  -Wall -W -Wwrite-strings -O2 -I/home/u2/mrb0094/cs161/root/hostinclude -DHOST -c dumpsfs.c -o dumpsfs.ho
gcc   dumpsfs.ho disk.ho support.ho   \
  /home/u2/mrb0094/cs161/root/hostlib/libhostcompat.a -o host-dumpsfs
make[3]: Leaving directory `/home/u2/mrb0094/cs161/src/sbin/dumpsfs'
make[2]: Leaving directory `/home/u2/mrb0094/cs161/src/sbin'
(cd testbin && make)
make[2]: Entering directory `/home/u2/mrb0094/cs161/src/testbin'
(cd add && make all)
make[3]: Entering directory `/home/u2/mrb0094/cs161/src/testbin/add'
cs161-gcc -nostdlib -L/home/u2/mrb0094/cs161/root/lib /home/u2/mrb0094/cs161/root/lib/crt0.o   add.o   -lc \
   -o add
make[3]: Leaving directory `/home/u2/mrb0094/cs161/src/testbin/add'
(cd argtest && make all)
make[3]: Entering directory `/home/u2/mrb0094/cs161/src/testbin/argtest'
cs161-gcc -nostdlib -L/home/u2/mrb0094/cs161/root/lib /home/u2/mrb0094/cs161/root/lib/crt0.o   argtest.o   -lc \
   -o argtest
make[3]: Leaving directory `/home/u2/mrb0094/cs161/src/testbin/argtest'
(cd badcall && make all)
make[3]: Entering directory `/home/u2/mrb0094/cs161/src/testbin/badcall'
cs161-gcc -nostdlib -L/home/u2/mrb0094/cs161/root/lib /home/u2/mrb0094/cs161/root/lib/crt0.o   bad_execv.o bad_waitpid.o bad_open.o bad_read.o bad_write.o bad_close.o bad_reboot.o bad_sbrk.o bad_ioctl.o bad_lseek.o bad_fsync.o bad_ftruncate.o bad_stat.o bad_remove.o bad_rename.o bad_link.o bad_mkdir.o bad_rmdir.o bad_chdir.o bad_getdirentry.o bad_symlink.o bad_readlink.o bad_dup2.o bad_pipe.o bad_time.o bad_getcwd.o common_buf.o common_fds.o common_path.o driver.o   -lc \
   -o badcall
make[3]: Leaving directory `/home/u2/mrb0094/cs161/src/testbin/badcall'
(cd bigfile && make all)
make[3]: Entering directory `/home/u2/mrb0094/cs161/src/testbin/bigfile'
cs161-gcc -nostdlib -L/home/u2/mrb0094/cs161/root/lib /home/u2/mrb0094/cs161/root/lib/crt0.o   bigfile.o   -lc \
   -o bigfile
make[3]: Leaving directory `/home/u2/mrb0094/cs161/src/testbin/bigfile'
(cd conman && make all)
make[3]: Entering directory `/home/u2/mrb0094/cs161/src/testbin/conman'
cs161-gcc -nostdlib -L/home/u2/mrb0094/cs161/root/lib /home/u2/mrb0094/cs161/root/lib/crt0.o   conman.o   -lc \
   -o conman
make[3]: Leaving directory `/home/u2/mrb0094/cs161/src/testbin/conman'
(cd crash && make all)
make[3]: Entering directory `/home/u2/mrb0094/cs161/src/testbin/crash'
cs161-gcc -nostdlib -L/home/u2/mrb0094/cs161/root/lib /home/u2/mrb0094/cs161/root/lib/crt0.o   crash.o   -lc \
   -o crash
make[3]: Leaving directory `/home/u2/mrb0094/cs161/src/testbin/crash'
(cd ctest && make all)
make[3]: Entering directory `/home/u2/mrb0094/cs161/src/testbin/ctest'
cs161-gcc -nostdlib -L/home/u2/mrb0094/cs161/root/lib /home/u2/mrb0094/cs161/root/lib/crt0.o   ctest.o   -lc \
   -o ctest
make[3]: Leaving directory `/home/u2/mrb0094/cs161/src/testbin/ctest'
(cd dirconc && make all)
make[3]: Entering directory `/home/u2/mrb0094/cs161/src/testbin/dirconc'
cs161-gcc -nostdlib -L/home/u2/mrb0094/cs161/root/lib /home/u2/mrb0094/cs161/root/lib/crt0.o   dirconc.o   -lc \
   -o dirconc
make[3]: Leaving directory `/home/u2/mrb0094/cs161/src/testbin/dirconc'
(cd dirseek && make all)
make[3]: Entering directory `/home/u2/mrb0094/cs161/src/testbin/dirseek'
cs161-gcc -nostdlib -L/home/u2/mrb0094/cs161/root/lib /home/u2/mrb0094/cs161/root/lib/crt0.o   dirseek.o   -lc \
   -o dirseek
make[3]: Leaving directory `/home/u2/mrb0094/cs161/src/testbin/dirseek'
(cd dirtest && make all)
make[3]: Entering directory `/home/u2/mrb0094/cs161/src/testbin/dirtest'
cs161-gcc -nostdlib -L/home/u2/mrb0094/cs161/root/lib /home/u2/mrb0094/cs161/root/lib/crt0.o   dirtest.o   -lc \
   -o dirtest
make[3]: Leaving directory `/home/u2/mrb0094/cs161/src/testbin/dirtest'
(cd f_test && make all)
make[3]: Entering directory `/home/u2/mrb0094/cs161/src/testbin/f_test'
cs161-gcc -nostdlib -L/home/u2/mrb0094/cs161/root/lib /home/u2/mrb0094/cs161/root/lib/crt0.o   f_test.o f_read.o f_write.o   -lc \
   -o f_test
make[3]: Leaving directory `/home/u2/mrb0094/cs161/src/testbin/f_test'
(cd farm && make all)
make[3]: Entering directory `/home/u2/mrb0094/cs161/src/testbin/farm'
cs161-gcc -nostdlib -L/home/u2/mrb0094/cs161/root/lib /home/u2/mrb0094/cs161/root/lib/crt0.o   farm.o   -lc \
   -o farm
make[3]: Leaving directory `/home/u2/mrb0094/cs161/src/testbin/farm'
(cd faulter && make all)
make[3]: Entering directory `/home/u2/mrb0094/cs161/src/testbin/faulter'
cs161-gcc -nostdlib -L/home/u2/mrb0094/cs161/root/lib /home/u2/mrb0094/cs161/root/lib/crt0.o   faulter.o   -lc \
   -o faulter
make[3]: Leaving directory `/home/u2/mrb0094/cs161/src/testbin/faulter'
(cd filetest && make all)
make[3]: Entering directory `/home/u2/mrb0094/cs161/src/testbin/filetest'
cs161-gcc -nostdlib -L/home/u2/mrb0094/cs161/root/lib /home/u2/mrb0094/cs161/root/lib/crt0.o   filetest.o   -lc \
   -o filetest
make[3]: Leaving directory `/home/u2/mrb0094/cs161/src/testbin/filetest'
(cd forkbomb && make all)
make[3]: Entering directory `/home/u2/mrb0094/cs161/src/testbin/forkbomb'
cs161-gcc -nostdlib -L/home/u2/mrb0094/cs161/root/lib /home/u2/mrb0094/cs161/root/lib/crt0.o   forkbomb.o   -lc \
   -o forkbomb
make[3]: Leaving directory `/home/u2/mrb0094/cs161/src/testbin/forkbomb'
(cd forktest && make all)
make[3]: Entering directory `/home/u2/mrb0094/cs161/src/testbin/forktest'
cs161-gcc -nostdlib -L/home/u2/mrb0094/cs161/root/lib /home/u2/mrb0094/cs161/root/lib/crt0.o   forktest.o   -lc \
   -o forktest
make[3]: Leaving directory `/home/u2/mrb0094/cs161/src/testbin/forktest'
(cd guzzle && make all)
make[3]: Entering directory `/home/u2/mrb0094/cs161/src/testbin/guzzle'
cs161-gcc -nostdlib -L/home/u2/mrb0094/cs161/root/lib /home/u2/mrb0094/cs161/root/lib/crt0.o   guzzle.o   -lc \
   -o guzzle
make[3]: Leaving directory `/home/u2/mrb0094/cs161/src/testbin/guzzle'
(cd hash && make all)
make[3]: Entering directory `/home/u2/mrb0094/cs161/src/testbin/hash'
cs161-gcc -nostdlib -L/home/u2/mrb0094/cs161/root/lib /home/u2/mrb0094/cs161/root/lib/crt0.o   hash.o   -lc \
   -o hash
gcc  -Wall -W -Wwrite-strings -O2 -I/home/u2/mrb0094/cs161/root/hostinclude -DHOST -c hash.c -o hash.ho
gcc   hash.ho   \
  /home/u2/mrb0094/cs161/root/hostlib/libhostcompat.a -o host-hash
make[3]: Leaving directory `/home/u2/mrb0094/cs161/src/testbin/hash'
(cd hog && make all)
make[3]: Entering directory `/home/u2/mrb0094/cs161/src/testbin/hog'
cs161-gcc -nostdlib -L/home/u2/mrb0094/cs161/root/lib /home/u2/mrb0094/cs161/root/lib/crt0.o   hog.o   -lc \
   -o hog
make[3]: Leaving directory `/home/u2/mrb0094/cs161/src/testbin/hog'
(cd huge && make all)
make[3]: Entering directory `/home/u2/mrb0094/cs161/src/testbin/huge'
cs161-gcc -nostdlib -L/home/u2/mrb0094/cs161/root/lib /home/u2/mrb0094/cs161/root/lib/crt0.o   huge.o   -lc \
   -o huge
make[3]: Leaving directory `/home/u2/mrb0094/cs161/src/testbin/huge'
(cd kitchen && make all)
make[3]: Entering directory `/home/u2/mrb0094/cs161/src/testbin/kitchen'
cs161-gcc -nostdlib -L/home/u2/mrb0094/cs161/root/lib /home/u2/mrb0094/cs161/root/lib/crt0.o   kitchen.o   -lc \
   -o kitchen
make[3]: Leaving directory `/home/u2/mrb0094/cs161/src/testbin/kitchen'
(cd matmult && make all)
make[3]: Entering directory `/home/u2/mrb0094/cs161/src/testbin/matmult'
cs161-gcc -nostdlib -L/home/u2/mrb0094/cs161/root/lib /home/u2/mrb0094/cs161/root/lib/crt0.o   matmult.o   -lc \
   -o matmult
make[3]: Leaving directory `/home/u2/mrb0094/cs161/src/testbin/matmult'
(cd palin && make all)
make[3]: Entering directory `/home/u2/mrb0094/cs161/src/testbin/palin'
cs161-gcc -nostdlib -L/home/u2/mrb0094/cs161/root/lib /home/u2/mrb0094/cs161/root/lib/crt0.o   palin.o   -lc \
   -o palin
make[3]: Leaving directory `/home/u2/mrb0094/cs161/src/testbin/palin'
(cd parallelvm && make all)
make[3]: Entering directory `/home/u2/mrb0094/cs161/src/testbin/parallelvm'
cs161-gcc -nostdlib -L/home/u2/mrb0094/cs161/root/lib /home/u2/mrb0094/cs161/root/lib/crt0.o   parallelvm.o   -lc \
   -o parallelvm
make[3]: Leaving directory `/home/u2/mrb0094/cs161/src/testbin/parallelvm'
(cd randcall && make all)
make[3]: Entering directory `/home/u2/mrb0094/cs161/src/testbin/randcall'
cs161-gcc -nostdlib -L/home/u2/mrb0094/cs161/root/lib /home/u2/mrb0094/cs161/root/lib/crt0.o   calls.o main.o   -lc \
   -o randcall
make[3]: Leaving directory `/home/u2/mrb0094/cs161/src/testbin/randcall'
(cd rmdirtest && make all)
make[3]: Entering directory `/home/u2/mrb0094/cs161/src/testbin/rmdirtest'
cs161-gcc -nostdlib -L/home/u2/mrb0094/cs161/root/lib /home/u2/mrb0094/cs161/root/lib/crt0.o   rmdirtest.o   -lc \
   -o rmdirtest
make[3]: Leaving directory `/home/u2/mrb0094/cs161/src/testbin/rmdirtest'
(cd rmtest && make all)
make[3]: Entering directory `/home/u2/mrb0094/cs161/src/testbin/rmtest'
cs161-gcc -nostdlib -L/home/u2/mrb0094/cs161/root/lib /home/u2/mrb0094/cs161/root/lib/crt0.o   rmtest.o   -lc \
   -o rmtest
make[3]: Leaving directory `/home/u2/mrb0094/cs161/src/testbin/rmtest'
(cd sink && make all)
make[3]: Entering directory `/home/u2/mrb0094/cs161/src/testbin/sink'
cs161-gcc -nostdlib -L/home/u2/mrb0094/cs161/root/lib /home/u2/mrb0094/cs161/root/lib/crt0.o   sink.o   -lc \
   -o sink
make[3]: Leaving directory `/home/u2/mrb0094/cs161/src/testbin/sink'
(cd sort && make all)
make[3]: Entering directory `/home/u2/mrb0094/cs161/src/testbin/sort'
cs161-gcc -nostdlib -L/home/u2/mrb0094/cs161/root/lib /home/u2/mrb0094/cs161/root/lib/crt0.o   sort.o   -lc \
   -o sort
make[3]: Leaving directory `/home/u2/mrb0094/cs161/src/testbin/sort'
(cd sty && make all)
make[3]: Entering directory `/home/u2/mrb0094/cs161/src/testbin/sty'
cs161-gcc -nostdlib -L/home/u2/mrb0094/cs161/root/lib /home/u2/mrb0094/cs161/root/lib/crt0.o   sty.o   -lc \
   -o sty
make[3]: Leaving directory `/home/u2/mrb0094/cs161/src/testbin/sty'
(cd tail && make all)
make[3]: Entering directory `/home/u2/mrb0094/cs161/src/testbin/tail'
cs161-gcc -nostdlib -L/home/u2/mrb0094/cs161/root/lib /home/u2/mrb0094/cs161/root/lib/crt0.o   tail.o   -lc \
   -o tail
make[3]: Leaving directory `/home/u2/mrb0094/cs161/src/testbin/tail'
(cd tictac && make all)
make[3]: Entering directory `/home/u2/mrb0094/cs161/src/testbin/tictac'
cs161-gcc -nostdlib -L/home/u2/mrb0094/cs161/root/lib /home/u2/mrb0094/cs161/root/lib/crt0.o   tictac.o   -lc \
   -o tictac
make[3]: Leaving directory `/home/u2/mrb0094/cs161/src/testbin/tictac'
(cd triplehuge && make all)
make[3]: Entering directory `/home/u2/mrb0094/cs161/src/testbin/triplehuge'
cs161-gcc -nostdlib -L/home/u2/mrb0094/cs161/root/lib /home/u2/mrb0094/cs161/root/lib/crt0.o   triplehuge.o triple.o   -lc \
   -o triplehuge
make[3]: Leaving directory `/home/u2/mrb0094/cs161/src/testbin/triplehuge'
(cd triplemat && make all)
make[3]: Entering directory `/home/u2/mrb0094/cs161/src/testbin/triplemat'
cs161-gcc -nostdlib -L/home/u2/mrb0094/cs161/root/lib /home/u2/mrb0094/cs161/root/lib/crt0.o   triplemat.o triple.o   -lc \
   -o triplemat
make[3]: Leaving directory `/home/u2/mrb0094/cs161/src/testbin/triplemat'
(cd triplesort && make all)
make[3]: Entering directory `/home/u2/mrb0094/cs161/src/testbin/triplesort'
cs161-gcc -nostdlib -L/home/u2/mrb0094/cs161/root/lib /home/u2/mrb0094/cs161/root/lib/crt0.o   triplesort.o triple.o   -lc \
   -o triplesort
make[3]: Leaving directory `/home/u2/mrb0094/cs161/src/testbin/triplesort'
make[2]: Leaving directory `/home/u2/mrb0094/cs161/src/testbin'
(cd bin && make install)
make[2]: Entering directory `/home/u2/mrb0094/cs161/src/bin'
(cd true && make install)
make[3]: Entering directory `/home/u2/mrb0094/cs161/src/bin/true'
[ -d /home/u2/mrb0094/cs161/root/bin ] || mkdir /home/u2/mrb0094/cs161/root/bin
cp true /home/u2/mrb0094/cs161/root/bin
make[3]: Leaving directory `/home/u2/mrb0094/cs161/src/bin/true'
(cd false && make install)
make[3]: Entering directory `/home/u2/mrb0094/cs161/src/bin/false'
[ -d /home/u2/mrb0094/cs161/root/bin ] || mkdir /home/u2/mrb0094/cs161/root/bin
cp false /home/u2/mrb0094/cs161/root/bin
make[3]: Leaving directory `/home/u2/mrb0094/cs161/src/bin/false'
(cd sync && make install)
make[3]: Entering directory `/home/u2/mrb0094/cs161/src/bin/sync'
[ -d /home/u2/mrb0094/cs161/root/bin ] || mkdir /home/u2/mrb0094/cs161/root/bin
cp sync /home/u2/mrb0094/cs161/root/bin
make[3]: Leaving directory `/home/u2/mrb0094/cs161/src/bin/sync'
(cd mkdir && make install)
make[3]: Entering directory `/home/u2/mrb0094/cs161/src/bin/mkdir'
[ -d /home/u2/mrb0094/cs161/root/bin ] || mkdir /home/u2/mrb0094/cs161/root/bin
cp mkdir /home/u2/mrb0094/cs161/root/bin
make[3]: Leaving directory `/home/u2/mrb0094/cs161/src/bin/mkdir'
(cd rmdir && make install)
make[3]: Entering directory `/home/u2/mrb0094/cs161/src/bin/rmdir'
[ -d /home/u2/mrb0094/cs161/root/bin ] || mkdir /home/u2/mrb0094/cs161/root/bin
cp rmdir /home/u2/mrb0094/cs161/root/bin
make[3]: Leaving directory `/home/u2/mrb0094/cs161/src/bin/rmdir'
(cd pwd && make install)
make[3]: Entering directory `/home/u2/mrb0094/cs161/src/bin/pwd'
[ -d /home/u2/mrb0094/cs161/root/bin ] || mkdir /home/u2/mrb0094/cs161/root/bin
cp pwd /home/u2/mrb0094/cs161/root/bin
make[3]: Leaving directory `/home/u2/mrb0094/cs161/src/bin/pwd'
(cd cat && make install)
make[3]: Entering directory `/home/u2/mrb0094/cs161/src/bin/cat'
[ -d /home/u2/mrb0094/cs161/root/bin ] || mkdir /home/u2/mrb0094/cs161/root/bin
cp cat /home/u2/mrb0094/cs161/root/bin
make[3]: Leaving directory `/home/u2/mrb0094/cs161/src/bin/cat'
(cd cp && make install)
make[3]: Entering directory `/home/u2/mrb0094/cs161/src/bin/cp'
[ -d /home/u2/mrb0094/cs161/root/bin ] || mkdir /home/u2/mrb0094/cs161/root/bin
cp cp /home/u2/mrb0094/cs161/root/bin
make[3]: Leaving directory `/home/u2/mrb0094/cs161/src/bin/cp'
(cd ln && make install)
make[3]: Entering directory `/home/u2/mrb0094/cs161/src/bin/ln'
[ -d /home/u2/mrb0094/cs161/root/bin ] || mkdir /home/u2/mrb0094/cs161/root/bin
cp ln /home/u2/mrb0094/cs161/root/bin
make[3]: Leaving directory `/home/u2/mrb0094/cs161/src/bin/ln'
(cd mv && make install)
make[3]: Entering directory `/home/u2/mrb0094/cs161/src/bin/mv'
[ -d /home/u2/mrb0094/cs161/root/bin ] || mkdir /home/u2/mrb0094/cs161/root/bin
cp mv /home/u2/mrb0094/cs161/root/bin
make[3]: Leaving directory `/home/u2/mrb0094/cs161/src/bin/mv'
(cd rm && make install)
make[3]: Entering directory `/home/u2/mrb0094/cs161/src/bin/rm'
[ -d /home/u2/mrb0094/cs161/root/bin ] || mkdir /home/u2/mrb0094/cs161/root/bin
cp rm /home/u2/mrb0094/cs161/root/bin
make[3]: Leaving directory `/home/u2/mrb0094/cs161/src/bin/rm'
(cd ls && make install)
make[3]: Entering directory `/home/u2/mrb0094/cs161/src/bin/ls'
[ -d /home/u2/mrb0094/cs161/root/bin ] || mkdir /home/u2/mrb0094/cs161/root/bin
cp ls /home/u2/mrb0094/cs161/root/bin
make[3]: Leaving directory `/home/u2/mrb0094/cs161/src/bin/ls'
(cd sh && make install)
make[3]: Entering directory `/home/u2/mrb0094/cs161/src/bin/sh'
[ -d /home/u2/mrb0094/cs161/root/bin ] || mkdir /home/u2/mrb0094/cs161/root/bin
cp sh /home/u2/mrb0094/cs161/root/bin
[ -d /home/u2/mrb0094/cs161/root/hostbin ] || mkdir /home/u2/mrb0094/cs161/root/hostbin
cp host-sh /home/u2/mrb0094/cs161/root/hostbin
make[3]: Leaving directory `/home/u2/mrb0094/cs161/src/bin/sh'
make[2]: Leaving directory `/home/u2/mrb0094/cs161/src/bin'
(cd sbin && make install)
make[2]: Entering directory `/home/u2/mrb0094/cs161/src/sbin'
(cd reboot && make install)
make[3]: Entering directory `/home/u2/mrb0094/cs161/src/sbin/reboot'
[ -d /home/u2/mrb0094/cs161/root/sbin ] || mkdir /home/u2/mrb0094/cs161/root/sbin
cp reboot /home/u2/mrb0094/cs161/root/sbin
make[3]: Leaving directory `/home/u2/mrb0094/cs161/src/sbin/reboot'
(cd halt && make install)
make[3]: Entering directory `/home/u2/mrb0094/cs161/src/sbin/halt'
[ -d /home/u2/mrb0094/cs161/root/sbin ] || mkdir /home/u2/mrb0094/cs161/root/sbin
cp halt /home/u2/mrb0094/cs161/root/sbin
make[3]: Leaving directory `/home/u2/mrb0094/cs161/src/sbin/halt'
(cd poweroff && make install)
make[3]: Entering directory `/home/u2/mrb0094/cs161/src/sbin/poweroff'
[ -d /home/u2/mrb0094/cs161/root/sbin ] || mkdir /home/u2/mrb0094/cs161/root/sbin
cp poweroff /home/u2/mrb0094/cs161/root/sbin
make[3]: Leaving directory `/home/u2/mrb0094/cs161/src/sbin/poweroff'
(cd mksfs && make install)
make[3]: Entering directory `/home/u2/mrb0094/cs161/src/sbin/mksfs'
[ -d /home/u2/mrb0094/cs161/root/sbin ] || mkdir /home/u2/mrb0094/cs161/root/sbin
cp mksfs /home/u2/mrb0094/cs161/root/sbin
[ -d /home/u2/mrb0094/cs161/root/hostbin ] || mkdir /home/u2/mrb0094/cs161/root/hostbin
cp host-mksfs /home/u2/mrb0094/cs161/root/hostbin
make[3]: Leaving directory `/home/u2/mrb0094/cs161/src/sbin/mksfs'
(cd dumpsfs && make install)
make[3]: Entering directory `/home/u2/mrb0094/cs161/src/sbin/dumpsfs'
[ -d /home/u2/mrb0094/cs161/root/sbin ] || mkdir /home/u2/mrb0094/cs161/root/sbin
cp dumpsfs /home/u2/mrb0094/cs161/root/sbin
[ -d /home/u2/mrb0094/cs161/root/hostbin ] || mkdir /home/u2/mrb0094/cs161/root/hostbin
cp host-dumpsfs /home/u2/mrb0094/cs161/root/hostbin
make[3]: Leaving directory `/home/u2/mrb0094/cs161/src/sbin/dumpsfs'
make[2]: Leaving directory `/home/u2/mrb0094/cs161/src/sbin'
(cd testbin && make install)
make[2]: Entering directory `/home/u2/mrb0094/cs161/src/testbin'
(cd add && make install)
make[3]: Entering directory `/home/u2/mrb0094/cs161/src/testbin/add'
[ -d /home/u2/mrb0094/cs161/root/testbin ] || mkdir /home/u2/mrb0094/cs161/root/testbin
cp add /home/u2/mrb0094/cs161/root/testbin
make[3]: Leaving directory `/home/u2/mrb0094/cs161/src/testbin/add'
(cd argtest && make install)
make[3]: Entering directory `/home/u2/mrb0094/cs161/src/testbin/argtest'
[ -d /home/u2/mrb0094/cs161/root/testbin ] || mkdir /home/u2/mrb0094/cs161/root/testbin
cp argtest /home/u2/mrb0094/cs161/root/testbin
make[3]: Leaving directory `/home/u2/mrb0094/cs161/src/testbin/argtest'
(cd badcall && make install)
make[3]: Entering directory `/home/u2/mrb0094/cs161/src/testbin/badcall'
[ -d /home/u2/mrb0094/cs161/root/testbin ] || mkdir /home/u2/mrb0094/cs161/root/testbin
cp badcall /home/u2/mrb0094/cs161/root/testbin
make[3]: Leaving directory `/home/u2/mrb0094/cs161/src/testbin/badcall'
(cd bigfile && make install)
make[3]: Entering directory `/home/u2/mrb0094/cs161/src/testbin/bigfile'
[ -d /home/u2/mrb0094/cs161/root/testbin ] || mkdir /home/u2/mrb0094/cs161/root/testbin
cp bigfile /home/u2/mrb0094/cs161/root/testbin
make[3]: Leaving directory `/home/u2/mrb0094/cs161/src/testbin/bigfile'
(cd conman && make install)
make[3]: Entering directory `/home/u2/mrb0094/cs161/src/testbin/conman'
[ -d /home/u2/mrb0094/cs161/root/testbin ] || mkdir /home/u2/mrb0094/cs161/root/testbin
cp conman /home/u2/mrb0094/cs161/root/testbin
make[3]: Leaving directory `/home/u2/mrb0094/cs161/src/testbin/conman'
(cd crash && make install)
make[3]: Entering directory `/home/u2/mrb0094/cs161/src/testbin/crash'
[ -d /home/u2/mrb0094/cs161/root/testbin ] || mkdir /home/u2/mrb0094/cs161/root/testbin
cp crash /home/u2/mrb0094/cs161/root/testbin
make[3]: Leaving directory `/home/u2/mrb0094/cs161/src/testbin/crash'
(cd ctest && make install)
make[3]: Entering directory `/home/u2/mrb0094/cs161/src/testbin/ctest'
[ -d /home/u2/mrb0094/cs161/root/testbin ] || mkdir /home/u2/mrb0094/cs161/root/testbin
cp ctest /home/u2/mrb0094/cs161/root/testbin
make[3]: Leaving directory `/home/u2/mrb0094/cs161/src/testbin/ctest'
(cd dirconc && make install)
make[3]: Entering directory `/home/u2/mrb0094/cs161/src/testbin/dirconc'
[ -d /home/u2/mrb0094/cs161/root/testbin ] || mkdir /home/u2/mrb0094/cs161/root/testbin
cp dirconc /home/u2/mrb0094/cs161/root/testbin
make[3]: Leaving directory `/home/u2/mrb0094/cs161/src/testbin/dirconc'
(cd dirseek && make install)
make[3]: Entering directory `/home/u2/mrb0094/cs161/src/testbin/dirseek'
[ -d /home/u2/mrb0094/cs161/root/testbin ] || mkdir /home/u2/mrb0094/cs161/root/testbin
cp dirseek /home/u2/mrb0094/cs161/root/testbin
make[3]: Leaving directory `/home/u2/mrb0094/cs161/src/testbin/dirseek'
(cd dirtest && make install)
make[3]: Entering directory `/home/u2/mrb0094/cs161/src/testbin/dirtest'
[ -d /home/u2/mrb0094/cs161/root/testbin ] || mkdir /home/u2/mrb0094/cs161/root/testbin
cp dirtest /home/u2/mrb0094/cs161/root/testbin
make[3]: Leaving directory `/home/u2/mrb0094/cs161/src/testbin/dirtest'
(cd f_test && make install)
make[3]: Entering directory `/home/u2/mrb0094/cs161/src/testbin/f_test'
[ -d /home/u2/mrb0094/cs161/root/testbin ] || mkdir /home/u2/mrb0094/cs161/root/testbin
cp f_test /home/u2/mrb0094/cs161/root/testbin
make[3]: Leaving directory `/home/u2/mrb0094/cs161/src/testbin/f_test'
(cd farm && make install)
make[3]: Entering directory `/home/u2/mrb0094/cs161/src/testbin/farm'
[ -d /home/u2/mrb0094/cs161/root/testbin ] || mkdir /home/u2/mrb0094/cs161/root/testbin
cp farm /home/u2/mrb0094/cs161/root/testbin
make[3]: Leaving directory `/home/u2/mrb0094/cs161/src/testbin/farm'
(cd faulter && make install)
make[3]: Entering directory `/home/u2/mrb0094/cs161/src/testbin/faulter'
[ -d /home/u2/mrb0094/cs161/root/testbin ] || mkdir /home/u2/mrb0094/cs161/root/testbin
cp faulter /home/u2/mrb0094/cs161/root/testbin
make[3]: Leaving directory `/home/u2/mrb0094/cs161/src/testbin/faulter'
(cd filetest && make install)
make[3]: Entering directory `/home/u2/mrb0094/cs161/src/testbin/filetest'
[ -d /home/u2/mrb0094/cs161/root/testbin ] || mkdir /home/u2/mrb0094/cs161/root/testbin
cp filetest /home/u2/mrb0094/cs161/root/testbin
make[3]: Leaving directory `/home/u2/mrb0094/cs161/src/testbin/filetest'
(cd forkbomb && make install)
make[3]: Entering directory `/home/u2/mrb0094/cs161/src/testbin/forkbomb'
[ -d /home/u2/mrb0094/cs161/root/testbin ] || mkdir /home/u2/mrb0094/cs161/root/testbin
cp forkbomb /home/u2/mrb0094/cs161/root/testbin
make[3]: Leaving directory `/home/u2/mrb0094/cs161/src/testbin/forkbomb'
(cd forktest && make install)
make[3]: Entering directory `/home/u2/mrb0094/cs161/src/testbin/forktest'
[ -d /home/u2/mrb0094/cs161/root/testbin ] || mkdir /home/u2/mrb0094/cs161/root/testbin
cp forktest /home/u2/mrb0094/cs161/root/testbin
make[3]: Leaving directory `/home/u2/mrb0094/cs161/src/testbin/forktest'
(cd guzzle && make install)
make[3]: Entering directory `/home/u2/mrb0094/cs161/src/testbin/guzzle'
[ -d /home/u2/mrb0094/cs161/root/testbin ] || mkdir /home/u2/mrb0094/cs161/root/testbin
cp guzzle /home/u2/mrb0094/cs161/root/testbin
make[3]: Leaving directory `/home/u2/mrb0094/cs161/src/testbin/guzzle'
(cd hash && make install)
make[3]: Entering directory `/home/u2/mrb0094/cs161/src/testbin/hash'
[ -d /home/u2/mrb0094/cs161/root/testbin ] || mkdir /home/u2/mrb0094/cs161/root/testbin
cp hash /home/u2/mrb0094/cs161/root/testbin
[ -d /home/u2/mrb0094/cs161/root/hostbin ] || mkdir /home/u2/mrb0094/cs161/root/hostbin
cp host-hash /home/u2/mrb0094/cs161/root/hostbin
make[3]: Leaving directory `/home/u2/mrb0094/cs161/src/testbin/hash'
(cd hog && make install)
make[3]: Entering directory `/home/u2/mrb0094/cs161/src/testbin/hog'
[ -d /home/u2/mrb0094/cs161/root/testbin ] || mkdir /home/u2/mrb0094/cs161/root/testbin
cp hog /home/u2/mrb0094/cs161/root/testbin
make[3]: Leaving directory `/home/u2/mrb0094/cs161/src/testbin/hog'
(cd huge && make install)
make[3]: Entering directory `/home/u2/mrb0094/cs161/src/testbin/huge'
[ -d /home/u2/mrb0094/cs161/root/testbin ] || mkdir /home/u2/mrb0094/cs161/root/testbin
cp huge /home/u2/mrb0094/cs161/root/testbin
make[3]: Leaving directory `/home/u2/mrb0094/cs161/src/testbin/huge'
(cd kitchen && make install)
make[3]: Entering directory `/home/u2/mrb0094/cs161/src/testbin/kitchen'
[ -d /home/u2/mrb0094/cs161/root/testbin ] || mkdir /home/u2/mrb0094/cs161/root/testbin
cp kitchen /home/u2/mrb0094/cs161/root/testbin
make[3]: Leaving directory `/home/u2/mrb0094/cs161/src/testbin/kitchen'
(cd matmult && make install)
make[3]: Entering directory `/home/u2/mrb0094/cs161/src/testbin/matmult'
[ -d /home/u2/mrb0094/cs161/root/testbin ] || mkdir /home/u2/mrb0094/cs161/root/testbin
cp matmult /home/u2/mrb0094/cs161/root/testbin
make[3]: Leaving directory `/home/u2/mrb0094/cs161/src/testbin/matmult'
(cd palin && make install)
make[3]: Entering directory `/home/u2/mrb0094/cs161/src/testbin/palin'
[ -d /home/u2/mrb0094/cs161/root/testbin ] || mkdir /home/u2/mrb0094/cs161/root/testbin
cp palin /home/u2/mrb0094/cs161/root/testbin
make[3]: Leaving directory `/home/u2/mrb0094/cs161/src/testbin/palin'
(cd parallelvm && make install)
make[3]: Entering directory `/home/u2/mrb0094/cs161/src/testbin/parallelvm'
[ -d /home/u2/mrb0094/cs161/root/testbin ] || mkdir /home/u2/mrb0094/cs161/root/testbin
cp parallelvm /home/u2/mrb0094/cs161/root/testbin
make[3]: Leaving directory `/home/u2/mrb0094/cs161/src/testbin/parallelvm'
(cd randcall && make install)
make[3]: Entering directory `/home/u2/mrb0094/cs161/src/testbin/randcall'
[ -d /home/u2/mrb0094/cs161/root/testbin ] || mkdir /home/u2/mrb0094/cs161/root/testbin
cp randcall /home/u2/mrb0094/cs161/root/testbin
make[3]: Leaving directory `/home/u2/mrb0094/cs161/src/testbin/randcall'
(cd rmdirtest && make install)
make[3]: Entering directory `/home/u2/mrb0094/cs161/src/testbin/rmdirtest'
[ -d /home/u2/mrb0094/cs161/root/testbin ] || mkdir /home/u2/mrb0094/cs161/root/testbin
cp rmdirtest /home/u2/mrb0094/cs161/root/testbin
make[3]: Leaving directory `/home/u2/mrb0094/cs161/src/testbin/rmdirtest'
(cd rmtest && make install)
make[3]: Entering directory `/home/u2/mrb0094/cs161/src/testbin/rmtest'
[ -d /home/u2/mrb0094/cs161/root/testbin ] || mkdir /home/u2/mrb0094/cs161/root/testbin
cp rmtest /home/u2/mrb0094/cs161/root/testbin
make[3]: Leaving directory `/home/u2/mrb0094/cs161/src/testbin/rmtest'
(cd sink && make install)
make[3]: Entering directory `/home/u2/mrb0094/cs161/src/testbin/sink'
[ -d /home/u2/mrb0094/cs161/root/testbin ] || mkdir /home/u2/mrb0094/cs161/root/testbin
cp sink /home/u2/mrb0094/cs161/root/testbin
make[3]: Leaving directory `/home/u2/mrb0094/cs161/src/testbin/sink'
(cd sort && make install)
make[3]: Entering directory `/home/u2/mrb0094/cs161/src/testbin/sort'
[ -d /home/u2/mrb0094/cs161/root/testbin ] || mkdir /home/u2/mrb0094/cs161/root/testbin
cp sort /home/u2/mrb0094/cs161/root/testbin
make[3]: Leaving directory `/home/u2/mrb0094/cs161/src/testbin/sort'
(cd sty && make install)
make[3]: Entering directory `/home/u2/mrb0094/cs161/src/testbin/sty'
[ -d /home/u2/mrb0094/cs161/root/testbin ] || mkdir /home/u2/mrb0094/cs161/root/testbin
cp sty /home/u2/mrb0094/cs161/root/testbin
make[3]: Leaving directory `/home/u2/mrb0094/cs161/src/testbin/sty'
(cd tail && make install)
make[3]: Entering directory `/home/u2/mrb0094/cs161/src/testbin/tail'
[ -d /home/u2/mrb0094/cs161/root/testbin ] || mkdir /home/u2/mrb0094/cs161/root/testbin
cp tail /home/u2/mrb0094/cs161/root/testbin
make[3]: Leaving directory `/home/u2/mrb0094/cs161/src/testbin/tail'
(cd tictac && make install)
make[3]: Entering directory `/home/u2/mrb0094/cs161/src/testbin/tictac'
[ -d /home/u2/mrb0094/cs161/root/testbin ] || mkdir /home/u2/mrb0094/cs161/root/testbin
cp tictac /home/u2/mrb0094/cs161/root/testbin
make[3]: Leaving directory `/home/u2/mrb0094/cs161/src/testbin/tictac'
(cd triplehuge && make install)
make[3]: Entering directory `/home/u2/mrb0094/cs161/src/testbin/triplehuge'
[ -d /home/u2/mrb0094/cs161/root/testbin ] || mkdir /home/u2/mrb0094/cs161/root/testbin
cp triplehuge /home/u2/mrb0094/cs161/root/testbin
make[3]: Leaving directory `/home/u2/mrb0094/cs161/src/testbin/triplehuge'
(cd triplemat && make install)
make[3]: Entering directory `/home/u2/mrb0094/cs161/src/testbin/triplemat'
[ -d /home/u2/mrb0094/cs161/root/testbin ] || mkdir /home/u2/mrb0094/cs161/root/testbin
cp triplemat /home/u2/mrb0094/cs161/root/testbin
make[3]: Leaving directory `/home/u2/mrb0094/cs161/src/testbin/triplemat'
(cd triplesort && make install)
make[3]: Entering directory `/home/u2/mrb0094/cs161/src/testbin/triplesort'
[ -d /home/u2/mrb0094/cs161/root/testbin ] || mkdir /home/u2/mrb0094/cs161/root/testbin
cp triplesort /home/u2/mrb0094/cs161/root/testbin
make[3]: Leaving directory `/home/u2/mrb0094/cs161/src/testbin/triplesort'
make[2]: Leaving directory `/home/u2/mrb0094/cs161/src/testbin'
(cd man && make install)
make[2]: Entering directory `/home/u2/mrb0094/cs161/src/man'
(cd toplevel && make install)
make[3]: Entering directory `/home/u2/mrb0094/cs161/src/man/toplevel'
[ -d /home/u2/mrb0094/cs161/root/man ] || mkdir /home/u2/mrb0094/cs161/root/man
chmod a+rx /home/u2/mrb0094/cs161/root/man
cp *.html /home/u2/mrb0094/cs161/root/man
chmod a+r /home/u2/mrb0094/cs161/root/man/*.html
make[3]: Leaving directory `/home/u2/mrb0094/cs161/src/man/toplevel'
(cd bin && make install)
make[3]: Entering directory `/home/u2/mrb0094/cs161/src/man/bin'
[ -d /home/u2/mrb0094/cs161/root/man/bin ] || mkdir /home/u2/mrb0094/cs161/root/man/bin
chmod a+rx /home/u2/mrb0094/cs161/root/man/bin
cp *.html /home/u2/mrb0094/cs161/root/man/bin
chmod a+r /home/u2/mrb0094/cs161/root/man/bin/*.html
make[3]: Leaving directory `/home/u2/mrb0094/cs161/src/man/bin'
(cd sbin && make install)
make[3]: Entering directory `/home/u2/mrb0094/cs161/src/man/sbin'
[ -d /home/u2/mrb0094/cs161/root/man/sbin ] || mkdir /home/u2/mrb0094/cs161/root/man/sbin
chmod a+rx /home/u2/mrb0094/cs161/root/man/sbin
cp *.html /home/u2/mrb0094/cs161/root/man/sbin
chmod a+r /home/u2/mrb0094/cs161/root/man/sbin/*.html
make[3]: Leaving directory `/home/u2/mrb0094/cs161/src/man/sbin'
(cd testbin && make install)
make[3]: Entering directory `/home/u2/mrb0094/cs161/src/man/testbin'
[ -d /home/u2/mrb0094/cs161/root/man/testbin ] || mkdir /home/u2/mrb0094/cs161/root/man/testbin
chmod a+rx /home/u2/mrb0094/cs161/root/man/testbin
cp *.html /home/u2/mrb0094/cs161/root/man/testbin
chmod a+r /home/u2/mrb0094/cs161/root/man/testbin/*.html
make[3]: Leaving directory `/home/u2/mrb0094/cs161/src/man/testbin'
(cd libc && make install)
make[3]: Entering directory `/home/u2/mrb0094/cs161/src/man/libc'
[ -d /home/u2/mrb0094/cs161/root/man/libc ] || mkdir /home/u2/mrb0094/cs161/root/man/libc
chmod a+rx /home/u2/mrb0094/cs161/root/man/libc
cp *.html /home/u2/mrb0094/cs161/root/man/libc
chmod a+r /home/u2/mrb0094/cs161/root/man/libc/*.html
make[3]: Leaving directory `/home/u2/mrb0094/cs161/src/man/libc'
(cd syscall && make install)
make[3]: Entering directory `/home/u2/mrb0094/cs161/src/man/syscall'
[ -d /home/u2/mrb0094/cs161/root/man/syscall ] || mkdir /home/u2/mrb0094/cs161/root/man/syscall
chmod a+rx /home/u2/mrb0094/cs161/root/man/syscall
cp *.html /home/u2/mrb0094/cs161/root/man/syscall
chmod a+r /home/u2/mrb0094/cs161/root/man/syscall/*.html
make[3]: Leaving directory `/home/u2/mrb0094/cs161/src/man/syscall'
(cd dev && make install)
make[3]: Entering directory `/home/u2/mrb0094/cs161/src/man/dev'
[ -d /home/u2/mrb0094/cs161/root/man/dev ] || mkdir /home/u2/mrb0094/cs161/root/man/dev
chmod a+rx /home/u2/mrb0094/cs161/root/man/dev
cp *.html /home/u2/mrb0094/cs161/root/man/dev
chmod a+r /home/u2/mrb0094/cs161/root/man/dev/*.html
make[3]: Leaving directory `/home/u2/mrb0094/cs161/src/man/dev'
(cd misc && make install)
make[3]: Entering directory `/home/u2/mrb0094/cs161/src/man/misc'
[ -d /home/u2/mrb0094/cs161/root/man/misc ] || mkdir /home/u2/mrb0094/cs161/root/man/misc
chmod a+rx /home/u2/mrb0094/cs161/root/man/misc
cp *.html /home/u2/mrb0094/cs161/root/man/misc
chmod a+r /home/u2/mrb0094/cs161/root/man/misc/*.html
make[3]: Leaving directory `/home/u2/mrb0094/cs161/src/man/misc'
make[2]: Leaving directory `/home/u2/mrb0094/cs161/src/man'
(cd kern && make)
make[2]: Entering directory `/home/u2/mrb0094/cs161/src/kern'
make[2]: Nothing to be done for `all'.
make[2]: Leaving directory `/home/u2/mrb0094/cs161/src/kern'
(cd kern && make install)
make[2]: Entering directory `/home/u2/mrb0094/cs161/src/kern'
make[2]: Nothing to be done for `install'.
make[2]: Leaving directory `/home/u2/mrb0094/cs161/src/kern'
make[1]: Leaving directory `/home/u2/mrb0094/cs161/src'
bash-4.2$ exit
exit

Script done on Wed 09 Sep 2020 12:52:49 AM CDT
